Component: ARM Compiler 5.06 update 6 (build 750) Tool: armlink [4d35ed]

==============================================================================

Section Cross References

    main.o(i.main) refers to stm32f10x_flash.o(i.FLASH_Unlock) for FLASH_Unlock
    main.o(i.main) refers to app.o(i.USART_BOOT_ProgramDatatoFlash) for USART_BOOT_ProgramDatatoFlash
    main.o(i.main) refers to stm32f10x_flash.o(i.FLASH_Lock) for FLASH_Lock
    main.o(i.main) refers to misc.o(i.NVIC_PriorityGroupConfig) for NVIC_PriorityGroupConfig
    main.o(i.main) refers to delay.o(i.delay_init) for delay_init
    main.o(i.main) refers to led.o(i.LED_Init) for LED_Init
    main.o(i.main) refers to can.o(i.CAN_Configuration) for CAN_Configuration
    main.o(i.main) refers to can_queue.o(i.CanQueueInit) for CanQueueInit
    main.o(i.main) refers to usart.o(i.USART1_Init) for USART1_Init
    main.o(i.main) refers to usart_queue.o(i.UsartQueueInit) for UsartQueueInit
    main.o(i.main) refers to delay.o(i.delay_ms) for delay_ms
    main.o(i.main) refers to protocol_parse.o(i.handle_usart_queue) for handle_usart_queue
    main.o(i.main) refers to main.o(.data) for data
    main.o(i.main) refers to usart_queue.o(.bss) for usart1_send
    system_stm32f10x.o(i.SetSysClock) refers to system_stm32f10x.o(i.SetSysClockTo72) for SetSysClockTo72
    system_stm32f10x.o(i.SystemCoreClockUpdate) refers to system_stm32f10x.o(.data) for SystemCoreClock
    system_stm32f10x.o(i.SystemInit) refers to system_stm32f10x.o(i.SetSysClock) for SetSysClock
    led.o(i.LED_Init) refers to stm32f10x_rcc.o(i.RCC_APB2PeriphClockCmd) for RCC_APB2PeriphClockCmd
    led.o(i.LED_Init) refers to stm32f10x_gpio.o(i.GPIO_Init) for GPIO_Init
    led.o(i.LED_Init) refers to stm32f10x_gpio.o(i.GPIO_ResetBits) for GPIO_ResetBits
    app.o(i.USART_BOOT_ErasePage) refers to stm32f10x_flash.o(i.FLASH_Unlock) for FLASH_Unlock
    app.o(i.USART_BOOT_ErasePage) refers to stm32f10x_flash.o(i.FLASH_ClearFlag) for FLASH_ClearFlag
    app.o(i.USART_BOOT_ErasePage) refers to stm32f10x_flash.o(i.FLASH_ErasePage) for FLASH_ErasePage
    app.o(i.USART_BOOT_ErasePage) refers to stm32f10x_flash.o(i.FLASH_Lock) for FLASH_Lock
    app.o(i.USART_BOOT_JumpToApplication) refers to core_cm3.o(.emb_text) for __set_MSP
    app.o(i.USART_BOOT_JumpToApplication) refers to app.o(.data) for Jump_To_Application
    app.o(i.USART_BOOT_ProgramDatatoFlash) refers to stm32f10x_flash.o(i.FLASH_ClearFlag) for FLASH_ClearFlag
    app.o(i.USART_BOOT_ProgramDatatoFlash) refers to stm32f10x_flash.o(i.FLASH_ProgramWord) for FLASH_ProgramWord
    can.o(i.CAN1_RX0_IRQHandler) refers to stm32f10x_can.o(i.CAN_GetITStatus) for CAN_GetITStatus
    can.o(i.CAN1_RX0_IRQHandler) refers to stm32f10x_can.o(i.CAN_Receive) for CAN_Receive
    can.o(i.CAN1_RX0_IRQHandler) refers to stm32f10x_can.o(i.CAN_ClearITPendingBit) for CAN_ClearITPendingBit
    can.o(i.CAN1_RX0_IRQHandler) refers to can_queue.o(i.CanQueueWrite) for CanQueueWrite
    can.o(i.CAN1_RX0_IRQHandler) refers to can.o(.bss) for CAN_RxMessage
    can.o(i.CAN1_RX0_IRQHandler) refers to can_queue.o(.data) for can_queue_send
    can.o(i.CAN_ConfigFilter) refers to stm32f10x_can.o(i.CAN_FilterInit) for CAN_FilterInit
    can.o(i.CAN_Configuration) refers to can.o(i.CAN_NVIC_Configuration) for CAN_NVIC_Configuration
    can.o(i.CAN_Configuration) refers to can.o(i.CAN_GPIO_Configuration) for CAN_GPIO_Configuration
    can.o(i.CAN_Configuration) refers to stm32f10x_can.o(i.CAN_DeInit) for CAN_DeInit
    can.o(i.CAN_Configuration) refers to stm32f10x_can.o(i.CAN_StructInit) for CAN_StructInit
    can.o(i.CAN_Configuration) refers to can.o(i.CAN_GetBaudRateNum) for CAN_GetBaudRateNum
    can.o(i.CAN_Configuration) refers to stm32f10x_can.o(i.CAN_Init) for CAN_Init
    can.o(i.CAN_Configuration) refers to can.o(i.CAN_ConfigFilter) for CAN_ConfigFilter
    can.o(i.CAN_Configuration) refers to stm32f10x_can.o(i.CAN_ITConfig) for CAN_ITConfig
    can.o(i.CAN_Configuration) refers to can.o(.data) for CAN_BaudRateInitTab
    can.o(i.CAN_GPIO_Configuration) refers to stm32f10x_rcc.o(i.RCC_APB2PeriphClockCmd) for RCC_APB2PeriphClockCmd
    can.o(i.CAN_GPIO_Configuration) refers to stm32f10x_rcc.o(i.RCC_APB1PeriphClockCmd) for RCC_APB1PeriphClockCmd
    can.o(i.CAN_GPIO_Configuration) refers to stm32f10x_gpio.o(i.GPIO_Init) for GPIO_Init
    can.o(i.CAN_GPIO_Configuration) refers to stm32f10x_gpio.o(i.GPIO_ResetBits) for GPIO_ResetBits
    can.o(i.CAN_NVIC_Configuration) refers to misc.o(i.NVIC_Init) for NVIC_Init
    can.o(i.CAN_SendMsg) refers to can.o(i.Read_CAN_Address) for Read_CAN_Address
    can.o(i.CAN_SendMsg) refers to can.o(i.CAN_WriteData) for CAN_WriteData
    can.o(i.CAN_WriteData) refers to stm32f10x_can.o(i.CAN_Transmit) for CAN_Transmit
    can.o(i.CAN_WriteData) refers to stm32f10x_can.o(i.CAN_TransmitStatus) for CAN_TransmitStatus
[...]
    defsig.o(CL$$defsig) refers to defsig_rtmem_inner.o(.text) for __rt_SIGRTMEM_inner
    defsig_abrt_inner.o(.text) refers to defsig_general.o(.text) for __default_signal_display
    defsig_fpe_inner.o(.text) refers to defsig_general.o(.text) for __default_signal_display
    defsig_rtred_inner.o(.text) refers to defsig_general.o(.text) for __default_signal_display
    defsig_stak_inner.o(.text) refers to defsig_general.o(.text) for __default_signal_display
    defsig_pvfn_inner.o(.text) refers to defsig_general.o(.text) for __default_signal_display
    defsig_cppl_inner.o(.text) refers to defsig_general.o(.text) for __default_signal_display
    defsig_segv_inner.o(.text) refers to defsig_general.o(.text) for __default_signal_display
    defsig_other.o(.text) refers to defsig_general.o(.text) for __default_signal_display
    main.o(i.crc16_xmodem) refers to main.o(.constdata) for crc16tab


==============================================================================

Removing Unused input sections from the image.

    Removing system_stm32f10x.o(i.SystemCoreClockUpdate), (252 bytes).
    Removing led.o(.constdata), (512 bytes).
    Removing app.o(i.USART_BOOT_JumpToApplication), (56 bytes).
    Removing app.o(.constdata), (512 bytes).
    Removing app.o(.data), (4 bytes).
    Removing can.o(i.CAN_SendMsg), (66 bytes).
    Removing can.o(i.Read_CAN_Address), (6 bytes).
    Removing can.o(.constdata), (512 bytes).
    Removing usart_queue.o(.constdata), (512 bytes).
    Removing can_queue.o(i.CanQueueRead), (90 bytes).
    Removing can_queue.o(i.can_frame_clear), (26 bytes).
    Removing protocol_parse.o(i.handle_can_queue), (36 bytes).
    Removing delay.o(i.delay_us), (76 bytes).
    Removing sys.o(.emb_text), (6 bytes).
    Removing sys.o(i.INTX_DISABLE), (4 bytes).
    Removing sys.o(i.INTX_ENABLE), (4 bytes).
    Removing sys.o(i.WFI_SET), (4 bytes).
    Removing usart.o(i.fputc), (28 bytes).
    Removing usart.o(.constdata), (512 bytes).
    Removing usart.o(.data), (4 bytes).
    Removing core_cm3.o(.emb_text), (32 bytes).
    Removing stm32f10x_gpio.o(i.GPIO_AFIODeInit), (20 bytes).
    Removing stm32f10x_gpio.o(i.GPIO_DeInit), (200 bytes).
    Removing stm32f10x_gpio.o(i.GPIO_ETH_MediaInterfaceConfig), (12 bytes).
    Removing stm32f10x_gpio.o(i.GPIO_EXTILineConfig), (64 bytes).
    Removing stm32f10x_gpio.o(i.GPIO_EventOutputCmd), (12 bytes).
    Removing stm32f10x_gpio.o(i.GPIO_EventOutputConfig), (32 bytes).
    Removing stm32f10x_gpio.o(i.GPIO_PinLockConfig), (18 bytes).
    Removing stm32f10x_gpio.o(i.GPIO_PinRemapConfig), (144 bytes).
    Removing stm32f10x_gpio.o(i.GPIO_ReadInputData), (8 bytes).
    Removing stm32f10x_gpio.o(i.GPIO_ReadInputDataBit), (18 bytes).
    Removing stm32f10x_gpio.o(i.GPIO_ReadOutputData), (8 bytes).
    Removing stm32f10x_gpio.o(i.GPIO_ReadOutputDataBit), (18 bytes).
    Removing stm32f10x_gpio.o(i.GPIO_SetBits), (4 bytes).
    Removing stm32f10x_gpio.o(i.GPIO_StructInit), (16 bytes).
    Removing stm32f10x_gpio.o(i.GPIO_Write), (4 bytes).
    Removing stm32f10x_gpio.o(i.GPIO_WriteBit), (10 bytes).
    Removing stm32f10x_rcc.o(i.RCC_ADCCLKConfig), (24 bytes).
    Removing stm32f10x_rcc.o(i.RCC_AHBPeriphClockCmd), (32 bytes).
    Removing stm32f10x_rcc.o(i.RCC_AHBPeriphResetCmd), (32 bytes).
    Removing stm32f10x_rcc.o(i.RCC_APB2PeriphResetCmd), (32 bytes).
    Removing stm32f10x_rcc.o(i.RCC_AdjustHSICalibrationValue), (24 bytes).
    Removing stm32f10x_rcc.o(i.RCC_BackupResetCmd), (12 bytes).
    Removing stm32f10x_rcc.o(i.RCC_ClearFlag), (20 bytes).
    Removing stm32f10x_rcc.o(i.RCC_ClearITPendingBit), (12 bytes).
    Removing stm32f10x_rcc.o(i.RCC_ClockSecuritySystemCmd), (12 bytes).
    Removing stm32f10x_rcc.o(i.RCC_DeInit), (92 bytes).
    Removing stm32f10x_rcc.o(i.RCC_GetFlagStatus), (60 bytes).
    Removing stm32f10x_rcc.o(i.RCC_GetITStatus), (24 bytes).
    Removing stm32f10x_rcc.o(i.RCC_GetSYSCLKSource), (16 bytes).
    Removing stm32f10x_rcc.o(i.RCC_HCLKConfig), (24 bytes).
    Removing stm32f10x_rcc.o(i.RCC_HSEConfig), (76 bytes).
    Removing stm32f10x_rcc.o(i.RCC_HSICmd), (12 bytes).
    Removing stm32f10x_rcc.o(i.RCC_I2S2CLKConfig), (12 bytes).
    Removing stm32f10x_rcc.o(i.RCC_I2S3CLKConfig), (12 bytes).
    Removing stm32f10x_rcc.o(i.RCC_ITConfig), (32 bytes).
    Removing stm32f10x_rcc.o(i.RCC_LSEConfig), (52 bytes).
    Removing stm32f10x_rcc.o(i.RCC_LSICmd), (12 bytes).
    Removing stm32f10x_rcc.o(i.RCC_MCOConfig), (12 bytes).
    Removing stm32f10x_rcc.o(i.RCC_OTGFSCLKConfig), (12 bytes).
    Removing stm32f10x_rcc.o(i.RCC_PCLK1Config), (24 bytes).
    Removing stm32f10x_rcc.o(i.RCC_PCLK2Config), (24 bytes).
    Removing stm32f10x_rcc.o(i.RCC_PLL2Cmd), (12 bytes).
    Removing stm32f10x_rcc.o(i.RCC_PLL2Config), (24 bytes).
    Removing stm32f10x_rcc.o(i.RCC_PLL3Cmd), (12 bytes).
    Removing stm32f10x_rcc.o(i.RCC_PLL3Config), (24 bytes).
    Removing stm32f10x_rcc.o(i.RCC_PLLCmd), (12 bytes).
    Removing stm32f10x_rcc.o(i.RCC_PLLConfig), (28 bytes).
    Removing stm32f10x_rcc.o(i.RCC_PREDIV1Config), (32 bytes).
    Removing stm32f10x_rcc.o(i.RCC_PREDIV2Config), (24 bytes).
    Removing stm32f10x_rcc.o(i.RCC_RTCCLKCmd), (12 bytes).
    Removing stm32f10x_rcc.o(i.RCC_RTCCLKConfig), (16 bytes).
    Removing stm32f10x_rcc.o(i.RCC_SYSCLKConfig), (24 bytes).
    Removing stm32f10x_rcc.o(i.RCC_WaitForHSEStartUp), (56 bytes).
    Removing stm32f10x_usart.o(i.USART_ClearITPendingBit), (30 bytes).
    Removing stm32f10x_usart.o(i.USART_ClockInit), (34 bytes).
    Removing stm32f10x_usart.o(i.USART_ClockStructInit), (12 bytes).
    Removing stm32f10x_usart.o(i.USART_DMACmd), (18 bytes).
    Removing stm32f10x_usart.o(i.USART_DeInit), (156 bytes).
    Removing stm32f10x_usart.o(i.USART_HalfDuplexCmd), (24 bytes).
    Removing stm32f10x_usart.o(i.USART_IrDACmd), (24 bytes).
    Removing stm32f10x_usart.o(i.USART_IrDAConfig), (18 bytes).
    Removing stm32f10x_usart.o(i.USART_LINBreakDetectLengthConfig), (18 bytes).
    Removing stm32f10x_usart.o(i.USART_LINCmd), (24 bytes).
    Removing stm32f10x_usart.o(i.USART_OneBitMethodCmd), (24 bytes).
    Removing stm32f10x_usart.o(i.USART_OverSampling8Cmd), (22 bytes).
    Removing stm32f10x_usart.o(i.USART_ReceiverWakeUpCmd), (24 bytes).
    Removing stm32f10x_usart.o(i.USART_SendBreak), (10 bytes).
    Removing stm32f10x_usart.o(i.USART_SetAddress), (18 bytes).
    Removing stm32f10x_usart.o(i.USART_SetGuardTime), (16 bytes).
    Removing stm32f10x_usart.o(i.USART_SetPrescaler), (16 bytes).
    Removing stm32f10x_usart.o(i.USART_SmartCardCmd), (24 bytes).
    Removing stm32f10x_usart.o(i.USART_SmartCardNACKCmd), (24 bytes).
    Removing stm32f10x_usart.o(i.USART_StructInit), (24 bytes).
    Removing stm32f10x_usart.o(i.USART_WakeUpConfig), (18 bytes).
    Removing misc.o(i.NVIC_SetVectorTable), (20 bytes).
    Removing misc.o(i.NVIC_SystemLPConfig), (32 bytes).
    Removing stm32f10x_flash.o(i.FLASH_EnableWriteProtection), (196 bytes).
    Removing stm32f10x_flash.o(i.FLASH_EraseAllBank1Pages), (72 bytes).
    Removing stm32f10x_flash.o(i.FLASH_EraseAllPages), (72 bytes).
    Removing stm32f10x_flash.o(i.FLASH_EraseOptionBytes), (168 bytes).
    Removing stm32f10x_flash.o(i.FLASH_GetFlagStatus), (48 bytes).
    Removing stm32f10x_flash.o(i.FLASH_GetPrefetchBufferStatus), (24 bytes).
    Removing stm32f10x_flash.o(i.FLASH_GetReadOutProtectionStatus), (24 bytes).
    Removing stm32f10x_flash.o(i.FLASH_GetStatus), (52 bytes).
    Removing stm32f10x_flash.o(i.FLASH_GetUserOptionByte), (12 bytes).
    Removing stm32f10x_flash.o(i.FLASH_GetWriteProtectionOptionByte), (12 bytes).
    Removing stm32f10x_flash.o(i.FLASH_HalfCycleAccessCmd), (28 bytes).
    Removing stm32f10x_flash.o(i.FLASH_ITConfig), (32 bytes).
    Removing stm32f10x_flash.o(i.FLASH_LockBank1), (20 bytes).
    Removing stm32f10x_flash.o(i.FLASH_PrefetchBufferCmd), (28 bytes).
    Removing stm32f10x_flash.o(i.FLASH_ProgramHalfWord), (64 bytes).
    Removing stm32f10x_flash.o(i.FLASH_ProgramOptionByteData), (84 bytes).
    Removing stm32f10x_flash.o(i.FLASH_ReadOutProtection), (172 bytes).
    Removing stm32f10x_flash.o(i.FLASH_SetLatency), (24 bytes).
    Removing stm32f10x_flash.o(i.FLASH_UnlockBank1), (24 bytes).
    Removing stm32f10x_flash.o(i.FLASH_UserOptionByteConfig), (104 bytes).
    Removing stm32f10x_flash.o(i.FLASH_WaitForLastBank1Operation), (38 bytes).
    Removing stm32f10x_can.o(i.CAN_CancelTransmit), (48 bytes).
    Removing stm32f10x_can.o(i.CAN_ClearFlag), (56 bytes).
    Removing stm32f10x_can.o(i.CAN_DBGFreeze), (22 bytes).
    Removing stm32f10x_can.o(i.CAN_FIFORelease), (22 bytes).
    Removing stm32f10x_can.o(i.CAN_GetFlagStatus), (120 bytes).
    Removing stm32f10x_can.o(i.CAN_GetLSBTransmitErrorCounter), (12 bytes).
    Removing stm32f10x_can.o(i.CAN_GetLastErrorCode), (12 bytes).
    Removing stm32f10x_can.o(i.CAN_GetReceiveErrorCounter), (10 bytes).
    Removing stm32f10x_can.o(i.CAN_MessagePending), (30 bytes).
    Removing stm32f10x_can.o(i.CAN_OperatingModeRequest), (162 bytes).
    Removing stm32f10x_can.o(i.CAN_SlaveStartBank), (52 bytes).
    Removing stm32f10x_can.o(i.CAN_Sleep), (30 bytes).
    Removing stm32f10x_can.o(i.CAN_TTComModeCmd), (118 bytes).
    Removing stm32f10x_can.o(i.CAN_WakeUp), (48 bytes).
    Removing stm32f10x_tim.o(i.TI1_Config), (128 bytes).
    Removing stm32f10x_tim.o(i.TI2_Config), (152 bytes).
    Removing stm32f10x_tim.o(i.TI3_Config), (144 bytes).
    Removing stm32f10x_tim.o(i.TI4_Config), (152 bytes).
    Removing stm32f10x_tim.o(i.TIM_ARRPreloadConfig), (24 bytes).
    Removing stm32f10x_tim.o(i.TIM_BDTRConfig), (32 bytes).
    Removing stm32f10x_tim.o(i.TIM_BDTRStructInit), (18 bytes).
    Removing stm32f10x_tim.o(i.TIM_CCPreloadControl), (24 bytes).
    Removing stm32f10x_tim.o(i.TIM_CCxCmd), (30 bytes).
    Removing stm32f10x_tim.o(i.TIM_CCxNCmd), (30 bytes).
    Removing stm32f10x_tim.o(i.TIM_ClearFlag), (6 bytes).
    Removing stm32f10x_tim.o(i.TIM_ClearITPendingBit), (6 bytes).
    Removing stm32f10x_tim.o(i.TIM_ClearOC1Ref), (18 bytes).
    Removing stm32f10x_tim.o(i.TIM_ClearOC2Ref), (24 bytes).
    Removing stm32f10x_tim.o(i.TIM_ClearOC3Ref), (18 bytes).
    Removing stm32f10x_tim.o(i.TIM_ClearOC4Ref), (24 bytes).
    Removing stm32f10x_tim.o(i.TIM_Cmd), (24 bytes).
    Removing stm32f10x_tim.o(i.TIM_CounterModeConfig), (18 bytes).
    Removing stm32f10x_tim.o(i.TIM_CtrlPWMOutputs), (30 bytes).
    Removing stm32f10x_tim.o(i.TIM_DMACmd), (18 bytes).
    Removing stm32f10x_tim.o(i.TIM_DMAConfig), (10 bytes).
    Removing stm32f10x_tim.o(i.TIM_DeInit), (488 bytes).
    Removing stm32f10x_tim.o(i.TIM_ETRClockMode1Config), (54 bytes).
    Removing stm32f10x_tim.o(i.TIM_ETRClockMode2Config), (32 bytes).
    Removing stm32f10x_tim.o(i.TIM_ETRConfig), (28 bytes).
    Removing stm32f10x_tim.o(i.TIM_EncoderInterfaceConfig), (66 bytes).
    Removing stm32f10x_tim.o(i.TIM_ForcedOC1Config), (18 bytes).
    Removing stm32f10x_tim.o(i.TIM_ForcedOC2Config), (26 bytes).
    Removing stm32f10x_tim.o(i.TIM_ForcedOC3Config), (18 bytes).
    Removing stm32f10x_tim.o(i.TIM_ForcedOC4Config), (26 bytes).
    Removing stm32f10x_tim.o(i.TIM_GenerateEvent), (4 bytes).
    Removing stm32f10x_tim.o(i.TIM_GetCapture1), (6 bytes).
    Removing stm32f10x_tim.o(i.TIM_GetCapture2), (6 bytes).
    Removing stm32f10x_tim.o(i.TIM_GetCapture3), (6 bytes).
    Removing stm32f10x_tim.o(i.TIM_GetCapture4), (8 bytes).
    Removing stm32f10x_tim.o(i.TIM_GetCounter), (6 bytes).
    Removing stm32f10x_tim.o(i.TIM_GetFlagStatus), (18 bytes).
    Removing stm32f10x_tim.o(i.TIM_GetITStatus), (34 bytes).
    Removing stm32f10x_tim.o(i.TIM_GetPrescaler), (6 bytes).
    Removing stm32f10x_tim.o(i.TIM_ICInit), (172 bytes).
    Removing stm32f10x_tim.o(i.TIM_ICStructInit), (18 bytes).
    Removing stm32f10x_tim.o(i.TIM_ITConfig), (18 bytes).
    Removing stm32f10x_tim.o(i.TIM_ITRxExternalClockConfig), (24 bytes).
    Removing stm32f10x_tim.o(i.TIM_InternalClockConfig), (12 bytes).
    Removing stm32f10x_tim.o(i.TIM_OC1FastConfig), (18 bytes).
    Removing stm32f10x_tim.o(i.TIM_OC1Init), (152 bytes).
    Removing stm32f10x_tim.o(i.TIM_OC1NPolarityConfig), (18 bytes).
    Removing stm32f10x_tim.o(i.TIM_OC1PolarityConfig), (18 bytes).
    Removing stm32f10x_tim.o(i.TIM_OC1PreloadConfig), (18 bytes).
    Removing stm32f10x_tim.o(i.TIM_OC2FastConfig), (26 bytes).
    Removing stm32f10x_tim.o(i.TIM_OC2Init), (164 bytes).
    Removing stm32f10x_tim.o(i.TIM_OC2NPolarityConfig), (26 bytes).
    Removing stm32f10x_tim.o(i.TIM_OC2PolarityConfig), (26 bytes).
    Removing stm32f10x_tim.o(i.TIM_OC2PreloadConfig), (26 bytes).
    Removing stm32f10x_tim.o(i.TIM_OC3FastConfig), (18 bytes).
    Removing stm32f10x_tim.o(i.TIM_OC3Init), (160 bytes).
    Removing stm32f10x_tim.o(i.TIM_OC3NPolarityConfig), (26 bytes).
    Removing stm32f10x_tim.o(i.TIM_OC3PolarityConfig), (26 bytes).
    Removing stm32f10x_tim.o(i.TIM_OC3PreloadConfig), (18 bytes).
    Removing stm32f10x_tim.o(i.TIM_OC4FastConfig), (26 bytes).
    Removing stm32f10x_tim.o(i.TIM_OC4Init), (124 bytes).
    Removing stm32f10x_tim.o(i.TIM_OC4PolarityConfig), (26 bytes).
    Removing stm32f10x_tim.o(i.TIM_OC4PreloadConfig), (26 bytes).
    Removing stm32f10x_tim.o(i.TIM_OCStructInit), (20 bytes).
    Removing stm32f10x_tim.o(i.TIM_PWMIConfig), (124 bytes).
    Removing stm32f10x_tim.o(i.TIM_PrescalerConfig), (6 bytes).
    Removing stm32f10x_tim.o(i.TIM_SelectCCDMA), (24 bytes).
    Removing stm32f10x_tim.o(i.TIM_SelectCOM), (24 bytes).
    Removing stm32f10x_tim.o(i.TIM_SelectHallSensor), (24 bytes).
    Removing stm32f10x_tim.o(i.TIM_SelectInputTrigger), (18 bytes).
    Removing stm32f10x_tim.o(i.TIM_SelectMasterSlaveMode), (18 bytes).
    Removing stm32f10x_tim.o(i.TIM_SelectOCxM), (82 bytes).
    Removing stm32f10x_tim.o(i.TIM_SelectOnePulseMode), (18 bytes).
    Removing stm32f10x_tim.o(i.TIM_SelectOutputTrigger), (18 bytes).
    Removing stm32f10x_tim.o(i.TIM_SelectSlaveMode), (18 bytes).
    Removing stm32f10x_tim.o(i.TIM_SetAutoreload), (4 bytes).
    Removing stm32f10x_tim.o(i.TIM_SetClockDivision), (18 bytes).
    Removing stm32f10x_tim.o(i.TIM_SetCompare1), (4 bytes).
    Removing stm32f10x_tim.o(i.TIM_SetCompare2), (4 bytes).
    Removing stm32f10x_tim.o(i.TIM_SetCompare3), (4 bytes).
    Removing stm32f10x_tim.o(i.TIM_SetCompare4), (6 bytes).
    Removing stm32f10x_tim.o(i.TIM_SetCounter), (4 bytes).
    Removing stm32f10x_tim.o(i.TIM_SetIC1Prescaler), (18 bytes).
    Removing stm32f10x_tim.o(i.TIM_SetIC2Prescaler), (26 bytes).
    Removing stm32f10x_tim.o(i.TIM_SetIC3Prescaler), (18 bytes).
    Removing stm32f10x_tim.o(i.TIM_SetIC4Prescaler), (26 bytes).
    Removing stm32f10x_tim.o(i.TIM_TIxExternalClockConfig), (62 bytes).
    Removing stm32f10x_tim.o(i.TIM_TimeBaseInit), (164 bytes).
    Removing stm32f10x_tim.o(i.TIM_TimeBaseStructInit), (18 bytes).
    Removing stm32f10x_tim.o(i.TIM_UpdateDisableConfig), (24 bytes).
    Removing stm32f10x_tim.o(i.TIM_UpdateRequestConfig), (24 bytes).
    Removing main.o(i.crc16_modbus), (54 bytes).

224 unused section(s) (total 11322 bytes) removed from the image.

==============================================================================

Image Symbol Table

    Local Symbols

    Symbol Name                              Value     Ov Type        Size  Object(Section)

    ../clib/angel/boardlib.s                 0x00000000   Number         0  boardshut.o ABSOLUTE
    ../clib/angel/boardlib.s                 0x00000000   Number         0  boardinit3.o ABSOLUTE
    ../clib/angel/boardlib.s                 0x00000000   Number         0  boardinit1.o ABSOLUTE
    ../clib/angel/boardlib.s                 0x00000000   Number         0  boardinit2.o ABSOLUTE
    ../clib/angel/handlers.s                 0x00000000   Number         0  __scatter_zi.o ABSOLUTE
    ../clib/angel/handlers.s                 0x00000000   Number         0  __scatter_copy.o ABSOLUTE
    ../clib/angel/kernel.s                   0x00000000   Number         0  __rtentry2.o ABSOLUTE
    ../clib/angel/kernel.s                   0x00000000   Number         0  rtexit.o ABSOLUTE
    ../clib/angel/kernel.s                   0x00000000   Number         0  __rtentry4.o ABSOLUTE
    ../clib/angel/kernel.s                   0x00000000   Number         0  __rtentry.o ABSOLUTE
    ../clib/angel/kernel.s                   0x00000000   Number         0  rtexit2.o ABSOLUTE
    ../clib/angel/rt.s                       0x00000000   Number         0  rt_raise.o ABSOLUTE
    ../clib/angel/scatter.s                  0x00000000   Number         0  __scatter.o ABSOLUTE
    ../clib/angel/startup.s                  0x00000000   Number         0  __main.o ABSOLUTE
    ../clib/angel/sys.s                      0x00000000   Number         0  use_no_semi.o ABSOLUTE
    ../clib/angel/sys.s                      0x00000000   Number         0  libspace.o ABSOLUTE
    ../clib/angel/sys.s                      0x00000000   Number         0  indicate_semi.o ABSOLUTE
    ../clib/angel/sys.s                      0x00000000   Number         0  use_no_semi_2.o ABSOLUTE
    ../clib/angel/sys.s                      0x00000000   Number         0  sys_stackheap_outer.o ABSOLUTE
    ../clib/angel/sysapp.c                   0x00000000   Number         0  sys_wrch.o ABSOLUTE
    ../clib/angel/sysapp.c                   0x00000000   Number         0  sys_command.o ABSOLUTE
    ../clib/armsys.c                         0x00000000   Number         0  argv_veneer.o ABSOLUTE
    ../clib/armsys.c                         0x00000000   Number         0  argv_veneer.o ABSOLUTE
    ../clib/armsys.c                         0x00000000   Number         0  _get_argv_nomalloc.o ABSOLUTE
    ../clib/armsys.c                         0x00000000   Number         0  no_argv.o ABSOLUTE
    ../clib/heapalloc.c                      0x00000000   Number         0  hrguard.o ABSOLUTE
    ../clib/heapaux.c                        0x00000000   Number         0  heapauxi.o ABSOLUTE
    ../clib/libinit.s                        0x00000000   Number         0  libinit2.o ABSOLUTE
    ../clib/libinit.s                        0x00000000   Number         0  libshutdown2.o ABSOLUTE
    ../clib/libinit.s                        0x00000000   Number         0  libshutdown.o ABSOLUTE
    ../clib/libinit.s                        0x00000000   Number         0  libinit.o ABSOLUTE
    ../clib/memcpset.s                       0x00000000   Number         0  rt_memclr_w.o ABSOLUTE
    ../clib/memcpset.s                       0x00000000   Number         0  rt_memcpy_w.o ABSOLUTE
    ../clib/memcpset.s                       0x00000000   Number         0  rt_memcpy_v6.o ABSOLUTE
    ../clib/signal.c                         0x00000000   Number         0  defsig_other.o ABSOLUTE
    ../clib/signal.c                         0x00000000   Number         0  defsig_segv_inner.o ABSOLUTE
    ../clib/signal.c                         0x00000000   Number         0  defsig_cppl_inner.o ABSOLUTE
    ../clib/signal.c                         0x00000000   Number         0  defsig_pvfn_inner.o ABSOLUTE
    ../clib/signal.c                         0x00000000   Number         0  defsig_stak_inner.o ABSOLUTE
    ../clib/signal.c                         0x00000000   Number         0  defsig_rtred_inner.o ABSOLUTE
    ../clib/signal.c                         0x00000000   Number         0  defsig_rtmem_inner.o ABSOLUTE
    ../clib/signal.c                         0x00000000   Number         0  defsig_fpe_inner.o ABSOLUTE
    ../clib/signal.c                         0x00000000   Number         0  defsig_abrt_inner.o ABSOLUTE
    ../clib/signal.c                         0x00000000   Number         0  defsig_rtmem_formal.o ABSOLUTE
    ../clib/signal.c                         0x00000000   Number         0  defsig_rtmem_outer.o ABSOLUTE
    ../clib/signal.c                         0x00000000   Number         0  defsig_exit.o ABSOLUTE
    ../clib/signal.c                         0x00000000   Number         0  defsig_general.o ABSOLUTE
    ../clib/signal.c                         0x00000000   Number         0  __raise.o ABSOLUTE
    ../clib/signal.s                         0x00000000   Number         0  defsig.o ABSOLUTE
    ../clib/stdlib.c                         0x00000000   Number         0  exit.o ABSOLUTE
    ../clib/string.c                         0x00000000   Number         0  memcmp.o ABSOLUTE
    ../fplib/fpinit.s                        0x00000000   Number         0  fpinit.o ABSOLUTE
    ..\CORE\core_cm3.c                       0x00000000   Number         0  core_cm3.o ABSOLUTE
    ..\CORE\startup_stm32f10x_cl.s           0x00000000   Number         0  startup_stm32f10x_cl.o ABSOLUTE
    ..\HARDWARE\app.c                        0x00000000   Number         0  app.o ABSOLUTE
    ..\HARDWARE\can.c                        0x00000000   Number         0  can.o ABSOLUTE
    ..\HARDWARE\can_queue.c                  0x00000000   Number         0  can_queue.o ABSOLUTE
    ..\HARDWARE\led.c                        0x00000000   Number         0  led.o ABSOLUTE
    ..\HARDWARE\protocol_parse.c             0x00000000   Number         0  protocol_parse.o ABSOLUTE
    ..\HARDWARE\usart_queue.c                0x00000000   Number         0  usart_queue.o ABSOLUTE
    ..\STM32F10x_FWLib\src\misc.c            0x00000000   Number         0  misc.o ABSOLUTE
    ..\STM32F10x_FWLib\src\stm32f10x_can.c   0x00000000   Number         0  stm32f10x_can.o ABSOLUTE
    ..\STM32F10x_FWLib\src\stm32f10x_flash.c 0x00000000   Number         0  stm32f10x_flash.o ABSOLUTE
    ..\STM32F10x_FWLib\src\stm32f10x_gpio.c  0x00000000   Number         0  stm32f10x_gpio.o ABSOLUTE
    ..\STM32F10x_FWLib\src\stm32f10x_rcc.c   0x00000000   Number         0  stm32f10x_rcc.o ABSOLUTE
    ..\STM32F10x_FWLib\src\stm32f10x_tim.c   0x00000000   Number         0  stm32f10x_tim.o ABSOLUTE
    ..\STM32F10x_FWLib\src\stm32f10x_usart.c 0x00000000   Number         0  stm32f10x_usart.o ABSOLUTE
    ..\SYSTEM\delay\delay.c                  0x00000000   Number         0  delay.o ABSOLUTE
    ..\SYSTEM\sys\sys.c                      0x00000000   Number         0  sys.o ABSOLUTE
    ..\SYSTEM\usart\usart.c                  0x00000000   Number         0  usart.o ABSOLUTE
    ..\\CORE\\core_cm3.c                     0x00000000   Number         0  core_cm3.o ABSOLUTE
    ..\\SYSTEM\\sys\\sys.c                   0x00000000   Number         0  sys.o ABSOLUTE
    dc.s                                     0x00000000   Number         0  dc.o ABSOLUTE
    main.c                                   0x00000000   Number         0  main.o ABSOLUTE
    stm32f10x_it.c                           0x00000000   Number         0  stm32f10x_it.o ABSOLUTE
    system_stm32f10x.c                       0x00000000   Number         0  system_stm32f10x.o ABSOLUTE
    RESET                                    0x08003000   Section      336  startup_stm32f10x_cl.o(RESET)
    !!!main                                  0x08003150   Section        8  __main.o(!!!main)
    !!!scatter                               0x08003158   Section       52  __scatter.o(!!!scatter)
    !!handler_copy                           0x0800318c   Section       26  __scatter_copy.o(!!handler_copy)
    !!handler_zi                             0x080031a8   Section       28  __scatter_zi.o(!!handler_zi)
    .ARM.Collect$$libinit$$00000000          0x080031c4   Section        2  libinit.o(.ARM.Collect$$libinit$$00000000)
    .ARM.Collect$$libinit$$00000002          0x080031c6   Section        0  libinit2.o(.ARM.Collect$$libinit$$00000002)
    .ARM.Collect$$libinit$$00000004          0x080031c6   Section        0  libinit2.o(.ARM.Collect$$libinit$$00000004)
    .ARM.Collect$$libinit$$0000000A          0x080031c6   Section        0  libinit2.o(.ARM.Collect$$libinit$$0000000A)
    .ARM.Collect$$libinit$$0000000C          0x080031c6   Section        0  libinit2.o(.ARM.Collect$$libinit$$0000000C)
    .ARM.Collect$$libinit$$0000000E          0x080031c6   Section        0  libinit2.o(.ARM.Collect$$libinit$$0000000E)
    .ARM.Collect$$libinit$$00000011          0x080031c6   Section        0  libinit2.o(.ARM.Collect$$libinit$$00000011)
    .ARM.Collect$$libinit$$00000013          0x080031c6   Section        0  libinit2.o(.ARM.Collect$$libinit$$00000013)
    .ARM.Collect$$libinit$$00000015          0x080031c6   Section        0  libinit2.o(.ARM.Collect$$libinit$$00000015)
    .ARM.Collect$$libinit$$00000017          0x080031c6   Section        0  libinit2.o(.ARM.Collect$$libinit$$00000017)
    .ARM.Collect$$libinit$$00000019          0x080031c6   Section        0  libinit2.o(.ARM.Collect$$libinit$$00000019)
    .ARM.Collect$$libinit$$0000001B          0x080031c6   Section        0  libinit2.o(.ARM.Collect$$libinit$$0000001B)
    .ARM.Collect$$libinit$$0000001D          0x080031c6   Section        0  libinit2.o(.ARM.Collect$$libinit$$0000001D)
    .ARM.Collect$$libinit$$0000001F          0x080031c6   Section        0  libinit2.o(.ARM.Collect$$libinit$$0000001F)
    .ARM.Collect$$libinit$$00000021          0x080031c6   Section        0  libinit2.o(.ARM.Collect$$libinit$$00000021)
    .ARM.Collect$$libinit$$00000023          0x080031c6   Section        0  libinit2.o(.ARM.Collect$$libinit$$00000023)
    .ARM.Collect$$libinit$$00000025          0x080031c6   Section        0  libinit2.o(.ARM.Collect$$libinit$$00000025)
    .ARM.Collect$$libinit$$0000002C          0x080031c6   Section        0  libinit2.o(.ARM.Collect$$libinit$$0000002C)
    .ARM.Collect$$libinit$$0000002E          0x080031c6   Section        0  libinit2.o(.ARM.Collect$$libinit$$0000002E)
    .ARM.Collect$$libinit$$00000030          0x080031c6   Section        0  libinit2.o(.ARM.Collect$$libinit$$00000030)
    .ARM.Collect$$libinit$$00000032          0x080031c6   Section        0  libinit2.o(.ARM.Collect$$libinit$$00000032)
    .ARM.Collect$$libinit$$00000033          0x080031c6   Section        2  libinit2.o(.ARM.Collect$$libinit$$00000033)
    .ARM.Collect$$libshutdown$$00000000      0x080031c8   Section        2  libshutdown.o(.ARM.Collect$$libshutdown$$00000000)
    .ARM.Collect$$libshutdown$$00000002      0x080031ca   Section        0  libshutdown2.o(.ARM.Collect$$libshutdown$$00000002)
    .ARM.Collect$$libshutdown$$00000004      0x080031ca   Section        0  libshutdown2.o(.ARM.Collect$$libshutdown$$00000004)
    .ARM.Collect$$libshutdown$$00000007      0x080031ca   Section        0  libshutdown2.o(.ARM.Collect$$libshutdown$$00000007)
    .ARM.Collect$$libshutdown$$0000000A      0x080031ca   Section        0  libshutdown2.o(.ARM.Collect$$libshutdown$$0000000A)
    .ARM.Collect$$libshutdown$$0000000C      0x080031ca   Section        0  libshutdown2.o(.ARM.Collect$$libshutdown$$0000000C)
    .ARM.Collect$$libshutdown$$0000000F      0x080031ca   Section        0  libshutdown2.o(.ARM.Collect$$libshutdown$$0000000F)
    .ARM.Collect$$libshutdown$$00000010      0x080031ca   Section        2  libshutdown2.o(.ARM.Collect$$libshutdown$$00000010)
    .ARM.Collect$$rtentry$$00000000          0x080031cc   Section        0  __rtentry.o(.ARM.Collect$$rtentry$$00000000)
    .ARM.Collect$$rtentry$$00000002          0x080031cc   Section        0  __rtentry2.o(.ARM.Collect$$rtentry$$00000002)
    .ARM.Collect$$rtentry$$00000004          0x080031cc   Section        6  __rtentry4.o(.ARM.Collect$$rtentry$$00000004)
    .ARM.Collect$$rtentry$$00000009          0x080031d2   Section        0  __rtentry2.o(.ARM.Collect$$rtentry$$00000009)
    .ARM.Collect$$rtentry$$0000000A          0x080031d2   Section        4  __rtentry2.o(.ARM.Collect$$rtentry$$0000000A)
    .ARM.Collect$$rtentry$$0000000C          0x080031d6   Section        0  __rtentry2.o(.ARM.Collect$$rtentry$$0000000C)
    .ARM.Collect$$rtentry$$0000000D          0x080031d6   Section        8  __rtentry2.o(.ARM.Collect$$rtentry$$0000000D)
    .ARM.Collect$$rtexit$$00000000           0x080031de   Section        2  rtexit.o(.ARM.Collect$$rtexit$$00000000)
    .ARM.Collect$$rtexit$$00000002           0x080031e0   Section        0  rtexit2.o(.ARM.Collect$$rtexit$$00000002)
    .ARM.Collect$$rtexit$$00000003           0x080031e0   Section        4  rtexit2.o(.ARM.Collect$$rtexit$$00000003)
    .ARM.Collect$$rtexit$$00000004           0x080031e4   Section        6  rtexit2.o(.ARM.Collect$$rtexit$$00000004)
    .text                                    0x080031ec   Section       64  startup_stm32f10x_cl.o(.text)
    .text                                    0x0800322c   Section        2  use_no_semi_2.o(.text)
    .text                                    0x0800322e   Section        0  memcmp.o(.text)
    .text                                    0x08003286   Section      138  rt_memcpy_v6.o(.text)
    .text                                    0x08003310   Section      100  rt_memcpy_w.o(.text)
    .text                                    0x08003374   Section       78  rt_memclr_w.o(.text)
    .text                                    0x080033c2   Section        0  heapauxi.o(.text)
    .text                                    0x080033c8   Section        2  use_no_semi.o(.text)
    .text                                    0x080033ca   Section       74  sys_stackheap_outer.o(.text)
    .text                                    0x08003414   Section        0  exit.o(.text)
    .text                                    0x08003428   Section        8  libspace.o(.text)
    i.BusFault_Handler                       0x08003430   Section        0  stm32f10x_it.o(i.BusFault_Handler)
    i.CAN1_RX0_IRQHandler                    0x08003434   Section        0  can.o(i.CAN1_RX0_IRQHandler)
    i.CAN_ClearITPendingBit                  0x08003468   Section        0  stm32f10x_can.o(i.CAN_ClearITPendingBit)
    i.CAN_ConfigFilter                       0x08003510   Section        0  can.o(i.CAN_ConfigFilter)
    i.CAN_Configuration                      0x0800355c   Section        0  can.o(i.CAN_Configuration)
    i.CAN_DeInit                             0x08003610   Section        0  stm32f10x_can.o(i.CAN_DeInit)
    i.CAN_FilterInit                         0x08003648   Section        0  stm32f10x_can.o(i.CAN_FilterInit)
    i.CAN_GPIO_Configuration                 0x08003750   Section        0  can.o(i.CAN_GPIO_Configuration)
    i.CAN_GetBaudRateNum                     0x080037cc   Section        0  can.o(i.CAN_GetBaudRateNum)
    i.CAN_GetITStatus                        0x080039a4   Section        0  stm32f10x_can.o(i.CAN_GetITStatus)
    i.CAN_ITConfig                           0x08003ac4   Section        0  stm32f10x_can.o(i.CAN_ITConfig)
    i.CAN_Init                               0x08003ad6   Section        0  stm32f10x_can.o(i.CAN_Init)
    i.CAN_NVIC_Configuration                 0x08003bea   Section        0  can.o(i.CAN_NVIC_Configuration)
    i.CAN_Receive                            0x08003c0c   Section        0  stm32f10x_can.o(i.CAN_Receive)
    i.CAN_StructInit                         0x08003cfc   Section        0  stm32f10x_can.o(i.CAN_StructInit)
    i.CAN_Transmit                           0x08003d1c   Section        0  stm32f10x_can.o(i.CAN_Transmit)
    i.CAN_TransmitStatus                     0x08003e44   Section        0  stm32f10x_can.o(i.CAN_TransmitStatus)
    i.CAN_WriteData                          0x08003ee4   Section        0  can.o(i.CAN_WriteData)
    i.CanQueueInit                           0x08003f1c   Section        0  can_queue.o(i.CanQueueInit)
    i.CanQueueWrite                          0x08003f34   Section        0  can_queue.o(i.CanQueueWrite)
    i.CheckITStatus                          0x08003f54   Section        0  stm32f10x_can.o(i.CheckITStatus)
    CheckITStatus                            0x08003f55   Thumb Code    18  stm32f10x_can.o(i.CheckITStatus)
    i.DebugMon_Handler                       0x08003f66   Section        0  stm32f10x_it.o(i.DebugMon_Handler)
    i.FLASH_ClearFlag                        0x08003f68   Section        0  stm32f10x_flash.o(i.FLASH_ClearFlag)
    i.FLASH_ErasePage                        0x08003f74   Section        0  stm32f10x_flash.o(i.FLASH_ErasePage)
    i.FLASH_GetBank1Status                   0x08003fc0   Section        0  stm32f10x_flash.o(i.FLASH_GetBank1Status)
    i.FLASH_Lock                             0x08003ff4   Section        0  stm32f10x_flash.o(i.FLASH_Lock)
    i.FLASH_ProgramWord                      0x08004008   Section        0  stm32f10x_flash.o(i.FLASH_ProgramWord)
    i.FLASH_Unlock                           0x08004074   Section        0  stm32f10x_flash.o(i.FLASH_Unlock)
    i.FLASH_WaitForLastOperation             0x0800408c   Section        0  stm32f10x_flash.o(i.FLASH_WaitForLastOperation)
    i.GPIO_Init                              0x080040b2   Section        0  stm32f10x_gpio.o(i.GPIO_Init)
    i.GPIO_ResetBits                         0x080041c8   Section        0  stm32f10x_gpio.o(i.GPIO_ResetBits)
    i.HardFault_Handler                      0x080041cc   Section        0  stm32f10x_it.o(i.HardFault_Handler)
    i.LED_Init                               0x080041d0   Section        0  led.o(i.LED_Init)
    i.MemManage_Handler                      0x08004208   Section        0  stm32f10x_it.o(i.MemManage_Handler)
    i.NMI_Handler                            0x0800420c   Section        0  stm32f10x_it.o(i.NMI_Handler)
    i.NVIC_Init                              0x08004210   Section        0  misc.o(i.NVIC_Init)
    i.NVIC_PriorityGroupConfig               0x08004280   Section        0  misc.o(i.NVIC_PriorityGroupConfig)
    i.PendSV_Handler                         0x08004294   Section        0  stm32f10x_it.o(i.PendSV_Handler)
    i.RCC_APB1PeriphClockCmd                 0x08004298   Section        0  stm32f10x_rcc.o(i.RCC_APB1PeriphClockCmd)
    i.RCC_APB1PeriphResetCmd                 0x080042b8   Section        0  stm32f10x_rcc.o(i.RCC_APB1PeriphResetCmd)
    i.RCC_APB2PeriphClockCmd                 0x080042d8   Section        0  stm32f10x_rcc.o(i.RCC_APB2PeriphClockCmd)
    i.RCC_GetClocksFreq                      0x080042f8   Section        0  stm32f10x_rcc.o(i.RCC_GetClocksFreq)
    i.SVC_Handler                            0x08004484   Section        0  stm32f10x_it.o(i.SVC_Handler)
    i.SetSysClock                            0x08004486   Section        0  system_stm32f10x.o(i.SetSysClock)
    SetSysClock                              0x08004487   Thumb Code     8  system_stm32f10x.o(i.SetSysClock)
    i.SetSysClockTo72                        0x08004490   Section        0  system_stm32f10x.o(i.SetSysClockTo72)
    SetSysClockTo72                          0x08004491   Thumb Code   264  system_stm32f10x.o(i.SetSysClockTo72)
    i.SysTick_CLKSourceConfig                0x080045a8   Section        0  misc.o(i.SysTick_CLKSourceConfig)
    i.SysTick_Handler                        0x080045d0   Section        0  stm32f10x_it.o(i.SysTick_Handler)
    i.SystemInit                             0x080045d4   Section        0  system_stm32f10x.o(i.SystemInit)
    i.USART1_IRQHandler                      0x08004640   Section        0  usart.o(i.USART1_IRQHandler)
    i.USART1_Init                            0x08004668   Section        0  usart.o(i.USART1_Init)
    i.USART1_Send_Data                       0x08004708   Section        0  usart.o(i.USART1_Send_Data)
    i.USART_BOOT_ErasePage                   0x08004740   Section        0  app.o(i.USART_BOOT_ErasePage)
    i.USART_BOOT_ProgramDatatoFlash          0x08004780   Section        0  app.o(i.USART_BOOT_ProgramDatatoFlash)
    i.USART_ClearFlag                        0x080047d0   Section        0  stm32f10x_usart.o(i.USART_ClearFlag)
    i.USART_Cmd                              0x080047e2   Section        0  stm32f10x_usart.o(i.USART_Cmd)
    i.USART_GetFlagStatus                    0x080047fa   Section        0  stm32f10x_usart.o(i.USART_GetFlagStatus)
    i.USART_GetITStatus                      0x08004814   Section        0  stm32f10x_usart.o(i.USART_GetITStatus)
    i.USART_ITConfig                         0x08004868   Section        0  stm32f10x_usart.o(i.USART_ITConfig)
    i.USART_Init                             0x080048b4   Section        0  stm32f10x_usart.o(i.USART_Init)
    i.USART_ReceiveData                      0x0800498c   Section        0  stm32f10x_usart.o(i.USART_ReceiveData)
    i.USART_SendData                         0x08004996   Section        0  stm32f10x_usart.o(i.USART_SendData)
    i.UsageFault_Handler                     0x0800499e   Section        0  stm32f10x_it.o(i.UsageFault_Handler)
    i.UsartQueueInit                         0x080049a2   Section        0  usart_queue.o(i.UsartQueueInit)
    i.UsartQueuePop                          0x080049ac   Section        0  usart_queue.o(i.UsartQueuePop)
    i.UsartQueuePush                         0x080049e2   Section        0  usart_queue.o(i.UsartQueuePush)
    i.__set_PRIMASK                          0x08004a28   Section        0  protocol_parse.o(i.__set_PRIMASK)
    __set_PRIMASK                            0x08004a29   Thumb Code     6  protocol_parse.o(i.__set_PRIMASK)
    i._sys_exit                              0x08004a2e   Section        0  usart.o(i._sys_exit)
    i.ack_uart_protocol                      0x08004a32   Section        0  protocol_parse.o(i.ack_uart_protocol)
    ack_uart_protocol                        0x08004a33   Thumb Code   132  protocol_parse.o(i.ack_uart_protocol)
    i.can_frame_copy                         0x08004ab6   Section        0  can_queue.o(i.can_frame_copy)
    can_frame_copy                           0x08004ab7   Thumb Code    40  can_queue.o(i.can_frame_copy)
    i.can_frame_malloc                       0x08004ae0   Section        0  can_queue.o(i.can_frame_malloc)
    can_frame_malloc                         0x08004ae1   Thumb Code    74  can_queue.o(i.can_frame_malloc)
    i.can_queue_init                         0x08004b30   Section        0  can_queue.o(i.can_queue_init)
    can_queue_init                           0x08004b31   Thumb Code    56  can_queue.o(i.can_queue_init)
    i.crc16_xmodem                           0x08004b6c   Section        0  main.o(i.crc16_xmodem)
    i.delay_init                             0x08004b98   Section        0  delay.o(i.delay_init)
    i.delay_ms                               0x08004bdc   Section        0  delay.o(i.delay_ms)
    i.handle_can_protocol                    0x08004c28   Section        0  protocol_parse.o(i.handle_can_protocol)
    handle_can_protocol                      0x08004c29   Thumb Code    16  protocol_parse.o(i.handle_can_protocol)
    i.handle_i2c_protocol                    0x08004c38   Section        0  protocol_parse.o(i.handle_i2c_protocol)
    handle_i2c_protocol                      0x08004c39   Thumb Code     2  protocol_parse.o(i.handle_i2c_protocol)
    i.handle_rs485_protocol                  0x08004c3a   Section        0  protocol_parse.o(i.handle_rs485_protocol)
    handle_rs485_protocol                    0x08004c3b   Thumb Code     2  protocol_parse.o(i.handle_rs485_protocol)
    i.handle_uart_protocol                   0x08004c3c   Section        0  protocol_parse.o(i.handle_uart_protocol)
    handle_uart_protocol                     0x08004c3d   Thumb Code   676  protocol_parse.o(i.handle_uart_protocol)
    i.handle_usart_queue                     0x08004f04   Section        0  protocol_parse.o(i.handle_usart_queue)
    i.handle_zigbee_protocol                 0x08004f20   Section        0  protocol_parse.o(i.handle_zigbee_protocol)
    handle_zigbee_protocol                   0x08004f21   Thumb Code     2  protocol_parse.o(i.handle_zigbee_protocol)
    i.main                                   0x08004f24   Section        0  main.o(i.main)
    i.prase_protocol                         0x08004fb4   Section        0  protocol_parse.o(i.prase_protocol)
    prase_protocol                           0x08004fb5   Thumb Code   110  protocol_parse.o(i.prase_protocol)
    i.prepare_protocol                       0x08005028   Section        0  protocol_parse.o(i.prepare_protocol)
    .constdata                               0x08005158   Section      512  main.o(.constdata)
    crc16tab                                 0x08005158   Data         512  main.o(.constdata)
    .constdata                               0x08005358   Section      532  can_queue.o(.constdata)
    crc16tab                                 0x08005358   Data         512  can_queue.o(.constdata)
    .constdata                               0x0800556c   Section      560  protocol_parse.o(.constdata)
    crc16tab                                 0x0800556c   Data         512  protocol_parse.o(.constdata)
    package_items                            0x0800576c   Data          48  protocol_parse.o(.constdata)
    .data                                    0x20000000   Section        4  main.o(.data)
    data                                     0x20000000   Data           4  main.o(.data)
    .data                                    0x20000004   Section       20  system_stm32f10x.o(.data)
    .data                                    0x20000018   Section      152  can.o(.data)
    .data                                    0x200000b0   Section       20  can_queue.o(.data)
    .data                                    0x200000c4   Section       23  protocol_parse.o(.data)
    data_size                                0x200000cc   Data           4  protocol_parse.o(.data)
    data_index                               0x200000d0   Data           4  protocol_parse.o(.data)
    start_addr                               0x200000d4   Data           4  protocol_parse.o(.data)
    data_len                                 0x200000d8   Data           1  protocol_parse.o(.data)
    data_cnt                                 0x200000d9   Data           1  protocol_parse.o(.data)
    state                                    0x200000da   Data           1  protocol_parse.o(.data)
    .data                                    0x200000dc   Section        4  delay.o(.data)
    fac_us                                   0x200000dc   Data           1  delay.o(.data)
    fac_ms                                   0x200000de   Data           2  delay.o(.data)
    .data                                    0x200000e0   Section       20  stm32f10x_rcc.o(.data)
    APBAHBPrescTable                         0x200000e0   Data          16  stm32f10x_rcc.o(.data)
    ADCPrescTable                            0x200000f0   Data           4  stm32f10x_rcc.o(.data)
    .bss                                     0x200000f4   Section       20  can.o(.bss)
    .bss                                     0x20000108   Section     1030  usart_queue.o(.bss)
    .bss                                     0x20000510   Section      740  can_queue.o(.bss)
    tx                                       0x20000510   Data         740  can_queue.o(.bss)
    .bss                                     0x200007f4   Section     1282  protocol_parse.o(.bss)
    data_temp                                0x200007f4   Data        1026  protocol_parse.o(.bss)
    rx_buf                                   0x20000bf6   Data         256  protocol_parse.o(.bss)
    .bss                                     0x20000cf8   Section       96  libspace.o(.bss)
    HEAP                                     0x20000d58   Section      512  startup_stm32f10x_cl.o(HEAP)
    Heap_Mem                                 0x20000d58   Data         512  startup_stm32f10x_cl.o(HEAP)
    STACK                                    0x20000f58   Section     1024  startup_stm32f10x_cl.o(STACK)
    Stack_Mem                                0x20000f58   Data        1024  startup_stm32f10x_cl.o(STACK)
    __initial_sp                             0x20001358   Data           0  startup_stm32f10x_cl.o(STACK)

    Global Symbols

    Symbol Name                              Value     Ov Type        Size  Object(Section)

    BuildAttributes$$THM_ISAv4$P$D$K$B$S$PE$A:L22UL41UL21$X:L11$S22US41US21$IEEE1$IW$USESV6$~STKCKD$USESV7$~SHL$OSPACE$ROPI$EBA8$UX$STANDARDLIB$REQ8$PRES8$EABIv2 0x00000000   Number         0  anon$$obj.o ABSOLUTE
    __ARM_use_no_argv                        0x00000000   Number         0  main.o ABSOLUTE
    __ARM_exceptions_init                     - Undefined Weak Reference
    __alloca_initialize                       - Undefined Weak Reference
    __arm_preinit_                            - Undefined Weak Reference
    __cpp_initialize__aeabi_                  - Undefined Weak Reference
    __cxa_finalize                            - Undefined Weak Reference
    __rt_locale                               - Undefined Weak Reference
    __sigvec_lookup                           - Undefined Weak Reference
    _atexit_init                              - Undefined Weak Reference
    _call_atexit_fns                          - Undefined Weak Reference
    _clock_init                               - Undefined Weak Reference
    _fp_trap_init                             - Undefined Weak Reference
    _fp_trap_shutdown                         - Undefined Weak Reference
    _get_lc_collate                           - Undefined Weak Reference
    _get_lc_ctype                             - Undefined Weak Reference
    _get_lc_monetary                          - Undefined Weak Reference
    _get_lc_numeric                           - Undefined Weak Reference
    _get_lc_time                              - Undefined Weak Reference
    _getenv_init                              - Undefined Weak Reference
    _handle_redirection                       - Undefined Weak Reference
    _init_alloc                               - Undefined Weak Reference
    _init_user_alloc                          - Undefined Weak Reference
    _initio                                   - Undefined Weak Reference
    _rand_init                                - Undefined Weak Reference
    _signal_finish                            - Undefined Weak Reference
    _signal_init                              - Undefined Weak Reference
    _terminate_alloc                          - Undefined Weak Reference
    _terminate_user_alloc                     - Undefined Weak Reference
    _terminateio                              - Undefined Weak Reference
    __Vectors_Size                           0x00000150   Number         0  startup_stm32f10x_cl.o ABSOLUTE
    __Vectors                                0x08003000   Data           4  startup_stm32f10x_cl.o(RESET)
    __Vectors_End                            0x08003150   Data           0  startup_stm32f10x_cl.o(RESET)
    __main                                   0x08003151   Thumb Code     8  __main.o(!!!main)
    __scatterload                            0x08003159   Thumb Code     0  __scatter.o(!!!scatter)
    __scatterload_rt2                        0x08003159   Thumb Code    44  __scatter.o(!!!scatter)
    __scatterload_rt2_thumb_only             0x08003159   Thumb Code     0  __scatter.o(!!!scatter)
    __scatterload_null                       0x08003167   Thumb Code     0  __scatter.o(!!!scatter)
    __scatterload_copy                       0x0800318d   Thumb Code    26  __scatter_copy.o(!!handler_copy)
    __scatterload_zeroinit                   0x080031a9   Thumb Code    28  __scatter_zi.o(!!handler_zi)
    __rt_lib_init                            0x080031c5   Thumb Code     0  libinit.o(.ARM.Collect$$libinit$$00000000)
    __rt_lib_init_alloca_1                   0x080031c7   Thumb Code     0  libinit2.o(.ARM.Collect$$libinit$$0000002E)
    __rt_lib_init_argv_1                     0x080031c7   Thumb Code     0  libinit2.o(.ARM.Collect$$libinit$$0000002C)
    __rt_lib_init_atexit_1                   0x080031c7   Thumb Code     0  libinit2.o(.ARM.Collect$$libinit$$0000001B)
    __rt_lib_init_clock_1                    0x080031c7   Thumb Code     0  libinit2.o(.ARM.Collect$$libinit$$00000021)
    __rt_lib_init_cpp_1                      0x080031c7   Thumb Code     0  libinit2.o(.ARM.Collect$$libinit$$00000032)
    __rt_lib_init_exceptions_1               0x080031c7   Thumb Code     0  libinit2.o(.ARM.Collect$$libinit$$00000030)
    __rt_lib_init_fp_1                       0x080031c7   Thumb Code     0  libinit2.o(.ARM.Collect$$libinit$$00000002)
    __rt_lib_init_fp_trap_1                  0x080031c7   Thumb Code     0  libinit2.o(.ARM.Collect$$libinit$$0000001F)
    __rt_lib_init_getenv_1                   0x080031c7   Thumb Code     0  libinit2.o(.ARM.Collect$$libinit$$00000023)
    __rt_lib_init_heap_1                     0x080031c7   Thumb Code     0  libinit2.o(.ARM.Collect$$libinit$$0000000A)
    __rt_lib_init_lc_collate_1               0x080031c7   Thumb Code     0  libinit2.o(.ARM.Collect$$libinit$$00000011)
    __rt_lib_init_lc_ctype_1                 0x080031c7   Thumb Code     0  libinit2.o(.ARM.Collect$$libinit$$00000013)
    __rt_lib_init_lc_monetary_1              0x080031c7   Thumb Code     0  libinit2.o(.ARM.Collect$$libinit$$00000015)
    __rt_lib_init_lc_numeric_1               0x080031c7   Thumb Code     0  libinit2.o(.ARM.Collect$$libinit$$00000017)
    __rt_lib_init_lc_time_1                  0x080031c7   Thumb Code     0  libinit2.o(.ARM.Collect$$libinit$$00000019)
    __rt_lib_init_preinit_1                  0x080031c7   Thumb Code     0  libinit2.o(.ARM.Collect$$libinit$$00000004)
    __rt_lib_init_rand_1                     0x080031c7   Thumb Code     0  libinit2.o(.ARM.Collect$$libinit$$0000000E)
    __rt_lib_init_return                     0x080031c7   Thumb Code     0  libinit2.o(.ARM.Collect$$libinit$$00000033)
    __rt_lib_init_signal_1                   0x080031c7   Thumb Code     0  libinit2.o(.ARM.Collect$$libinit$$0000001D)
    __rt_lib_init_stdio_1                    0x080031c7   Thumb Code     0  libinit2.o(.ARM.Collect$$libinit$$00000025)
    __rt_lib_init_user_alloc_1               0x080031c7   Thumb Code     0  libinit2.o(.ARM.Collect$$libinit$$0000000C)
    __rt_lib_shutdown                        0x080031c9   Thumb Code     0  libshutdown.o(.ARM.Collect$$libshutdown$$00000000)
    __rt_lib_shutdown_cpp_1                  0x080031cb   Thumb Code     0  libshutdown2.o(.ARM.Collect$$libshutdown$$00000002)
    __rt_lib_shutdown_fp_trap_1              0x080031cb   Thumb Code     0  libshutdown2.o(.ARM.Collect$$libshutdown$$00000007)
    __rt_lib_shutdown_heap_1                 0x080031cb   Thumb Code     0  libshutdown2.o(.ARM.Collect$$libshutdown$$0000000F)
    __rt_lib_shutdown_return                 0x080031cb   Thumb Code     0  libshutdown2.o(.ARM.Collect$$libshutdown$$00000010)
    __rt_lib_shutdown_signal_1               0x080031cb   Thumb Code     0  libshutdown2.o(.ARM.Collect$$libshutdown$$0000000A)
    __rt_lib_shutdown_stdio_1                0x080031cb   Thumb Code     0  libshutdown2.o(.ARM.Collect$$libshutdown$$00000004)
    __rt_lib_shutdown_user_alloc_1           0x080031cb   Thumb Code     0  libshutdown2.o(.ARM.Collect$$libshutdown$$0000000C)
    __rt_entry                               0x080031cd   Thumb Code     0  __rtentry.o(.ARM.Collect$$rtentry$$00000000)
    __rt_entry_presh_1                       0x080031cd   Thumb Code     0  __rtentry2.o(.ARM.Collect$$rtentry$$00000002)
    __rt_entry_sh                            0x080031cd   Thumb Code     0  __rtentry4.o(.ARM.Collect$$rtentry$$00000004)
    __rt_entry_li                            0x080031d3   Thumb Code     0  __rtentry2.o(.ARM.Collect$$rtentry$$0000000A)
    __rt_entry_postsh_1                      0x080031d3   Thumb Code     0  __rtentry2.o(.ARM.Collect$$rtentry$$00000009)
    __rt_entry_main                          0x080031d7   Thumb Code     0  __rtentry2.o(.ARM.Collect$$rtentry$$0000000D)
    __rt_entry_postli_1                      0x080031d7   Thumb Code     0  __rtentry2.o(.ARM.Collect$$rtentry$$0000000C)
    __rt_exit                                0x080031df   Thumb Code     0  rtexit.o(.ARM.Collect$$rtexit$$00000000)
    __rt_exit_ls                             0x080031e1   Thumb Code     0  rtexit2.o(.ARM.Collect$$rtexit$$00000003)
    __rt_exit_prels_1                        0x080031e1   Thumb Code     0  rtexit2.o(.ARM.Collect$$rtexit$$00000002)
    __rt_exit_exit                           0x080031e5   Thumb Code     0  rtexit2.o(.ARM.Collect$$rtexit$$00000004)
    Reset_Handler                            0x080031ed   Thumb Code     8  startup_stm32f10x_cl.o(.text)
    ADC1_2_IRQHandler                        0x08003207   Thumb Code     0  startup_stm32f10x_cl.o(.text)
    CAN1_RX1_IRQHandler                      0x08003207   Thumb Code     0  startup_stm32f10x_cl.o(.text)
    CAN1_SCE_IRQHandler                      0x08003207   Thumb Code     0  startup_stm32f10x_cl.o(.text)
    CAN1_TX_IRQHandler                       0x08003207   Thumb Code     0  startup_stm32f10x_cl.o(.text)
    CAN2_RX0_IRQHandler                      0x08003207   Thumb Code     0  startup_stm32f10x_cl.o(.text)
    CAN2_RX1_IRQHandler                      0x08003207   Thumb Code     0  startup_stm32f10x_cl.o(.text)
    CAN2_SCE_IRQHandler                      0x08003207   Thumb Code     0  startup_stm32f10x_cl.o(.text)
    CAN2_TX_IRQHandler                       0x08003207   Thumb Code     0  startup_stm32f10x_cl.o(.text)
    DMA1_Channel1_IRQHandler                 0x08003207   Thumb Code     0  startup_stm32f10x_cl.o(.text)
    DMA1_Channel2_IRQHandler                 0x08003207   Thumb Code     0  startup_stm32f10x_cl.o(.text)
    DMA1_Channel3_IRQHandler                 0x08003207   Thumb Code     0  startup_stm32f10x_cl.o(.text)
    DMA1_Channel4_IRQHandler                 0x08003207   Thumb Code     0  startup_stm32f10x_cl.o(.text)
    DMA1_Channel5_IRQHandler                 0x08003207   Thumb Code     0  startup_stm32f10x_cl.o(.text)
    DMA1_Channel6_IRQHandler                 0x08003207   Thumb Code     0  startup_stm32f10x_cl.o(.text)
    DMA1_Channel7_IRQHandler                 0x08003207   Thumb Code     0  startup_stm32f10x_cl.o(.text)
    DMA2_Channel1_IRQHandler                 0x08003207   Thumb Code     0  startup_stm32f10x_cl.o(.text)
    DMA2_Channel2_IRQHandler                 0x08003207   Thumb Code     0  startup_stm32f10x_cl.o(.text)
    DMA2_Channel3_IRQHandler                 0x08003207   Thumb Code     0  startup_stm32f10x_cl.o(.text)
    DMA2_Channel4_IRQHandler                 0x08003207   Thumb Code     0  startup_stm32f10x_cl.o(.text)
    DMA2_Channel5_IRQHandler                 0x08003207   Thumb Code     0  startup_stm32f10x_cl.o(.text)
    ETH_IRQHandler                           0x08003207   Thumb Code     0  startup_stm32f10x_cl.o(.text)
    ETH_WKUP_IRQHandler                      0x08003207   Thumb Code     0  startup_stm32f10x_cl.o(.text)
    EXTI0_IRQHandler                         0x08003207   Thumb Code     0  startup_stm32f10x_cl.o(.text)
    EXTI15_10_IRQHandler                     0x08003207   Thumb Code     0  startup_stm32f10x_cl.o(.text)
    EXTI1_IRQHandler                         0x08003207   Thumb Code     0  startup_stm32f10x_cl.o(.text)
    EXTI2_IRQHandler                         0x08003207   Thumb Code     0  startup_stm32f10x_cl.o(.text)
    EXTI3_IRQHandler                         0x08003207   Thumb Code     0  startup_stm32f10x_cl.o(.text)
    EXTI4_IRQHandler                         0x08003207   Thumb Code     0  startup_stm32f10x_cl.o(.text)
    EXTI9_5_IRQHandler                       0x08003207   Thumb Code     0  startup_stm32f10x_cl.o(.text)
    FLASH_IRQHandler                         0x08003207   Thumb Code     0  startup_stm32f10x_cl.o(.text)
    I2C1_ER_IRQHandler                       0x08003207   Thumb Code     0  startup_stm32f10x_cl.o(.text)
    I2C1_EV_IRQHandler                       0x08003207   Thumb Code     0  startup_stm32f10x_cl.o(.text)
    I2C2_ER_IRQHandler                       0x08003207   Thumb Code     0  startup_stm32f10x_cl.o(.text)
    I2C2_EV_IRQHandler                       0x08003207   Thumb Code     0  startup_stm32f10x_cl.o(.text)
    OTG_FS_IRQHandler                        0x08003207   Thumb Code     0  startup_stm32f10x_cl.o(.text)
    OTG_FS_WKUP_IRQHandler                   0x08003207   Thumb Code     0  startup_stm32f10x_cl.o(.text)
    PVD_IRQHandler                           0x08003207   Thumb Code     0  startup_stm32f10x_cl.o(.text)
    RCC_IRQHandler                           0x08003207   Thumb Code     0  startup_stm32f10x_cl.o(.text)
    RTCAlarm_IRQHandler                      0x08003207   Thumb Code     0  startup_stm32f10x_cl.o(.text)
    RTC_IRQHandler                           0x08003207   Thumb Code     0  startup_stm32f10x_cl.o(.text)
    SPI1_IRQHandler                          0x08003207   Thumb Code     0  startup_stm32f10x_cl.o(.text)
    SPI2_IRQHandler                          0x08003207   Thumb Code     0  startup_stm32f10x_cl.o(.text)
    SPI3_IRQHandler                          0x08003207   Thumb Code     0  startup_stm32f10x_cl.o(.text)
    TAMPER_IRQHandler                        0x08003207   Thumb Code     0  startup_stm32f10x_cl.o(.text)
    TIM1_BRK_IRQHandler                      0x08003207   Thumb Code     0  startup_stm32f10x_cl.o(.text)
    TIM1_CC_IRQHandler                       0x08003207   Thumb Code     0  startup_stm32f10x_cl.o(.text)
    TIM1_TRG_COM_IRQHandler                  0x08003207   Thumb Code     0  startup_stm32f10x_cl.o(.text)
    TIM1_UP_IRQHandler                       0x08003207   Thumb Code     0  startup_stm32f10x_cl.o(.text)
    TIM2_IRQHandler                          0x08003207   Thumb Code     0  startup_stm32f10x_cl.o(.text)
    TIM3_IRQHandler                          0x08003207   Thumb Code     0  startup_stm32f10x_cl.o(.text)
    TIM4_IRQHandler                          0x08003207   Thumb Code     0  startup_stm32f10x_cl.o(.text)
    TIM5_IRQHandler                          0x08003207   Thumb Code     0  startup_stm32f10x_cl.o(.text)
    TIM6_IRQHandler                          0x08003207   Thumb Code     0  startup_stm32f10x_cl.o(.text)
    TIM7_IRQHandler                          0x08003207   Thumb Code     0  startup_stm32f10x_cl.o(.text)
    UART4_IRQHandler                         0x08003207   Thumb Code     0  startup_stm32f10x_cl.o(.text)
    UART5_IRQHandler                         0x08003207   Thumb Code     0  startup_stm32f10x_cl.o(.text)
    USART2_IRQHandler                        0x08003207   Thumb Code     0  startup_stm32f10x_cl.o(.text)
    USART3_IRQHandler                        0x08003207   Thumb Code     0  startup_stm32f10x_cl.o(.text)
    WWDG_IRQHandler                          0x08003207   Thumb Code     0  startup_stm32f10x_cl.o(.text)
    __user_initial_stackheap                 0x08003209   Thumb Code     0  startup_stm32f10x_cl.o(.text)
    __use_no_semihosting                     0x0800322d   Thumb Code     2  use_no_semi_2.o(.text)
    memcmp                                   0x0800322f   Thumb Code    88  memcmp.o(.text)
    __aeabi_memcpy                           0x08003287   Thumb Code     0  rt_memcpy_v6.o(.text)
    __rt_memcpy                              0x08003287   Thumb Code   138  rt_memcpy_v6.o(.text)
    _memcpy_lastbytes                        0x080032ed   Thumb Code     0  rt_memcpy_v6.o(.text)
    __aeabi_memcpy4                          0x08003311   Thumb Code     0  rt_memcpy_w.o(.text)
    __aeabi_memcpy8                          0x08003311   Thumb Code     0  rt_memcpy_w.o(.text)
    __rt_memcpy_w                            0x08003311   Thumb Code   100  rt_memcpy_w.o(.text)
    _memcpy_lastbytes_aligned                0x08003359   Thumb Code     0  rt_memcpy_w.o(.text)
    __aeabi_memclr4                          0x08003375   Thumb Code     0  rt_memclr_w.o(.text)
    __aeabi_memclr8                          0x08003375   Thumb Code     0  rt_memclr_w.o(.text)
    __rt_memclr_w                            0x08003375   Thumb Code    78  rt_memclr_w.o(.text)
    _memset_w                                0x08003379   Thumb Code     0  rt_memclr_w.o(.text)
    __use_two_region_memory                  0x080033c3   Thumb Code     2  heapauxi.o(.text)
    __rt_heap_escrow$2region                 0x080033c5   Thumb Code     2  heapauxi.o(.text)
    __rt_heap_expand$2region                 0x080033c7   Thumb Code     2  heapauxi.o(.text)
    __I$use$semihosting                      0x080033c9   Thumb Code     0  use_no_semi.o(.text)
    __use_no_semihosting_swi                 0x080033c9   Thumb Code     2  use_no_semi.o(.text)
    __user_setup_stackheap                   0x080033cb   Thumb Code    74  sys_stackheap_outer.o(.text)
    exit                                     0x08003415   Thumb Code    18  exit.o(.text)
    __user_libspace                          0x08003429   Thumb Code     8  libspace.o(.text)
    __user_perproc_libspace                  0x08003429   Thumb Code     0  libspace.o(.text)
    __user_perthread_libspace                0x08003429   Thumb Code     0  libspace.o(.text)
    BusFault_Handler                         0x08003431   Thumb Code     4  stm32f10x_it.o(i.BusFault_Handler)
    CAN1_RX0_IRQHandler                      0x08003435   Thumb Code    40  can.o(i.CAN1_RX0_IRQHandler)
    CAN_ClearITPendingBit                    0x08003469   Thumb Code   162  stm32f10x_can.o(i.CAN_ClearITPendingBit)
    CAN_ConfigFilter                         0x08003511   Thumb Code    76  can.o(i.CAN_ConfigFilter)
    CAN_Configuration                        0x0800355d   Thumb Code   172  can.o(i.CAN_Configuration)
    CAN_DeInit                               0x08003611   Thumb Code    50  stm32f10x_can.o(i.CAN_DeInit)
    CAN_FilterInit                           0x08003649   Thumb Code   258  stm32f10x_can.o(i.CAN_FilterInit)
    CAN_GPIO_Configuration                   0x08003751   Thumb Code   114  can.o(i.CAN_GPIO_Configuration)
    CAN_GetBaudRateNum                       0x080037cd   Thumb Code   444  can.o(i.CAN_GetBaudRateNum)
    CAN_GetITStatus                          0x080039a5   Thumb Code   284  stm32f10x_can.o(i.CAN_GetITStatus)
    CAN_ITConfig                             0x08003ac5   Thumb Code    18  stm32f10x_can.o(i.CAN_ITConfig)
    CAN_Init                                 0x08003ad7   Thumb Code   276  stm32f10x_can.o(i.CAN_Init)
    CAN_NVIC_Configuration                   0x08003beb   Thumb Code    34  can.o(i.CAN_NVIC_Configuration)
    CAN_Receive                              0x08003c0d   Thumb Code   240  stm32f10x_can.o(i.CAN_Receive)
    CAN_StructInit                           0x08003cfd   Thumb Code    32  stm32f10x_can.o(i.CAN_StructInit)
    CAN_Transmit                             0x08003d1d   Thumb Code   294  stm32f10x_can.o(i.CAN_Transmit)
    CAN_TransmitStatus                       0x08003e45   Thumb Code   138  stm32f10x_can.o(i.CAN_TransmitStatus)
    CAN_WriteData                            0x08003ee5   Thumb Code    46  can.o(i.CAN_WriteData)
    CanQueueInit                             0x08003f1d   Thumb Code    14  can_queue.o(i.CanQueueInit)
    CanQueueWrite                            0x08003f35   Thumb Code    32  can_queue.o(i.CanQueueWrite)
    DebugMon_Handler                         0x08003f67   Thumb Code     2  stm32f10x_it.o(i.DebugMon_Handler)
    FLASH_ClearFlag                          0x08003f69   Thumb Code     6  stm32f10x_flash.o(i.FLASH_ClearFlag)
    FLASH_ErasePage                          0x08003f75   Thumb Code    72  stm32f10x_flash.o(i.FLASH_ErasePage)
    FLASH_GetBank1Status                     0x08003fc1   Thumb Code    48  stm32f10x_flash.o(i.FLASH_GetBank1Status)
    FLASH_Lock                               0x08003ff5   Thumb Code    14  stm32f10x_flash.o(i.FLASH_Lock)
    FLASH_ProgramWord                        0x08004009   Thumb Code   102  stm32f10x_flash.o(i.FLASH_ProgramWord)
    FLASH_Unlock                             0x08004075   Thumb Code    12  stm32f10x_flash.o(i.FLASH_Unlock)
    FLASH_WaitForLastOperation               0x0800408d   Thumb Code    38  stm32f10x_flash.o(i.FLASH_WaitForLastOperation)
    GPIO_Init                                0x080040b3   Thumb Code   278  stm32f10x_gpio.o(i.GPIO_Init)
    GPIO_ResetBits                           0x080041c9   Thumb Code     4  stm32f10x_gpio.o(i.GPIO_ResetBits)
    HardFault_Handler                        0x080041cd   Thumb Code     4  stm32f10x_it.o(i.HardFault_Handler)
    LED_Init                                 0x080041d1   Thumb Code    50  led.o(i.LED_Init)
    MemManage_Handler                        0x08004209   Thumb Code     4  stm32f10x_it.o(i.MemManage_Handler)
    NMI_Handler                              0x0800420d   Thumb Code     2  stm32f10x_it.o(i.NMI_Handler)
    NVIC_Init                                0x08004211   Thumb Code   100  misc.o(i.NVIC_Init)
    NVIC_PriorityGroupConfig                 0x08004281   Thumb Code    10  misc.o(i.NVIC_PriorityGroupConfig)
    PendSV_Handler                           0x08004295   Thumb Code     2  stm32f10x_it.o(i.PendSV_Handler)
    RCC_APB1PeriphClockCmd                   0x08004299   Thumb Code    26  stm32f10x_rcc.o(i.RCC_APB1PeriphClockCmd)
    RCC_APB1PeriphResetCmd                   0x080042b9   Thumb Code    26  stm32f10x_rcc.o(i.RCC_APB1PeriphResetCmd)
    RCC_APB2PeriphClockCmd                   0x080042d9   Thumb Code    26  stm32f10x_rcc.o(i.RCC_APB2PeriphClockCmd)
    RCC_GetClocksFreq                        0x080042f9   Thumb Code   374  stm32f10x_rcc.o(i.RCC_GetClocksFreq)
    SVC_Handler                              0x08004485   Thumb Code     2  stm32f10x_it.o(i.SVC_Handler)
    SysTick_CLKSourceConfig                  0x080045a9   Thumb Code    40  misc.o(i.SysTick_CLKSourceConfig)
    SysTick_Handler                          0x080045d1   Thumb Code     2  stm32f10x_it.o(i.SysTick_Handler)
    SystemInit                               0x080045d5   Thumb Code    92  system_stm32f10x.o(i.SystemInit)
    USART1_IRQHandler                        0x08004641   Thumb Code    32  usart.o(i.USART1_IRQHandler)
    USART1_Init                              0x08004669   Thumb Code   152  usart.o(i.USART1_Init)
    USART1_Send_Data                         0x08004709   Thumb Code    50  usart.o(i.USART1_Send_Data)
    USART_BOOT_ErasePage                     0x08004741   Thumb Code    62  app.o(i.USART_BOOT_ErasePage)
    USART_BOOT_ProgramDatatoFlash            0x08004781   Thumb Code    74  app.o(i.USART_BOOT_ProgramDatatoFlash)
    USART_ClearFlag                          0x080047d1   Thumb Code    18  stm32f10x_usart.o(i.USART_ClearFlag)
    USART_Cmd                                0x080047e3   Thumb Code    24  stm32f10x_usart.o(i.USART_Cmd)
    USART_GetFlagStatus                      0x080047fb   Thumb Code    26  stm32f10x_usart.o(i.USART_GetFlagStatus)
    USART_GetITStatus                        0x08004815   Thumb Code    84  stm32f10x_usart.o(i.USART_GetITStatus)
    USART_ITConfig                           0x08004869   Thumb Code    74  stm32f10x_usart.o(i.USART_ITConfig)
    USART_Init                               0x080048b5   Thumb Code   210  stm32f10x_usart.o(i.USART_Init)
    USART_ReceiveData                        0x0800498d   Thumb Code    10  stm32f10x_usart.o(i.USART_ReceiveData)
    USART_SendData                           0x08004997   Thumb Code     8  stm32f10x_usart.o(i.USART_SendData)
    UsageFault_Handler                       0x0800499f   Thumb Code     4  stm32f10x_it.o(i.UsageFault_Handler)
    UsartQueueInit                           0x080049a3   Thumb Code    10  usart_queue.o(i.UsartQueueInit)
    UsartQueuePop                            0x080049ad   Thumb Code    54  usart_queue.o(i.UsartQueuePop)
    UsartQueuePush                           0x080049e3   Thumb Code    70  usart_queue.o(i.UsartQueuePush)
    _sys_exit                                0x08004a2f   Thumb Code     4  usart.o(i._sys_exit)
    crc16_xmodem                             0x08004b6d   Thumb Code    40  main.o(i.crc16_xmodem)
    delay_init                               0x08004b99   Thumb Code    50  delay.o(i.delay_init)
    delay_ms                                 0x08004bdd   Thumb Code    72  delay.o(i.delay_ms)
    handle_usart_queue                       0x08004f05   Thumb Code    24  protocol_parse.o(i.handle_usart_queue)
    main                                     0x08004f25   Thumb Code   110  main.o(i.main)
    prepare_protocol                         0x08005029   Thumb Code   288  protocol_parse.o(i.prepare_protocol)
    frame_init                               0x08005558   Data          20  can_queue.o(.constdata)
    Region$$Table$$Base                      0x0800579c   Number         0  anon$$obj.o(Region$$Table)
    Region$$Table$$Limit                     0x080057bc   Number         0  anon$$obj.o(Region$$Table)
    SystemCoreClock                          0x20000004   Data           4  system_stm32f10x.o(.data)
    AHBPrescTable                            0x20000008   Data          16  system_stm32f10x.o(.data)
    CAN_RxMsgFlag                            0x20000018   Data           1  can.o(.data)
    TimeOutFlag                              0x20000019   Data           1  can.o(.data)
    CAN_BaudRateInitTab                      0x2000001a   Data         150  can.o(.data)
    can_queue_send                           0x200000b0   Data          20  can_queue.o(.data)
    cmd_list                                 0x200000c4   Data           8  protocol_parse.o(.data)
    CAN_RxMessage                            0x200000f4   Data          20  can.o(.bss)
    usart1_send                              0x20000108   Data        1030  usart_queue.o(.bss)
    __libspace_start                         0x20000cf8   Data          96  libspace.o(.bss)
    __temporary_stack_top$libspace           0x20000d58   Data           0  libspace.o(.bss)



==============================================================================

Memory Map of the image

  Image Entry point : 0x08003151

  Load Region LR_IROM1 (Base: 0x08003000, Size: 0x000028b0, Max: 0x0000d000, ABSOLUTE)

    Execution Region ER_IROM1 (Exec base: 0x08003000, Load base: 0x08003000, Size: 0x000027bc, Max: 0x0000d000, ABSOLUTE)

    Exec Addr    Load Addr    Size         Type   Attr      Idx    E Section Name        Object

    0x08003000   0x08003000   0x00000150   Data   RO          661    RESET               startup_stm32f10x_cl.o
    0x08003150   0x08003150   0x00000008   Code   RO         2141  * !!!main             c_w.l(__main.o)
    0x08003158   0x08003158   0x00000034   Code   RO         2296    !!!scatter          c_w.l(__scatter.o)
    0x0800318c   0x0800318c   0x0000001a   Code   RO         2298    !!handler_copy      c_w.l(__scatter_copy.o)
    0x080031a6   0x080031a6   0x00000002   PAD
    0x080031a8   0x080031a8   0x0000001c   Code   RO         2300    !!handler_zi        c_w.l(__scatter_zi.o)
    0x080031c4   0x080031c4   0x00000002   Code   RO         2170    .ARM.Collect$$libinit$$00000000  c_w.l(libinit.o)
    0x080031c6   0x080031c6   0x00000000   Code   RO         2177    .ARM.Collect$$libinit$$00000002  c_w.l(libinit2.o)
    0x080031c6   0x080031c6   0x00000000   Code   RO         2179    .ARM.Collect$$libinit$$00000004  c_w.l(libinit2.o)
    0x080031c6   0x080031c6   0x00000000   Code   RO         2182    .ARM.Collect$$libinit$$0000000A  c_w.l(libinit2.o)
    0x080031c6   0x080031c6   0x00000000   Code   RO         2184    .ARM.Collect$$libinit$$0000000C  c_w.l(libinit2.o)
    0x080031c6   0x080031c6   0x00000000   Code   RO         2186    .ARM.Collect$$libinit$$0000000E  c_w.l(libinit2.o)
    0x080031c6   0x080031c6   0x00000000   Code   RO         2189    .ARM.Collect$$libinit$$00000011  c_w.l(libinit2.o)
    0x080031c6   0x080031c6   0x00000000   Code   RO         2191    .ARM.Collect$$libinit$$00000013  c_w.l(libinit2.o)
    0x080031c6   0x080031c6   0x00000000   Code   RO         2193    .ARM.Collect$$libinit$$00000015  c_w.l(libinit2.o)
    0x080031c6   0x080031c6   0x00000000   Code   RO         2195    .ARM.Collect$$libinit$$00000017  c_w.l(libinit2.o)
    0x080031c6   0x080031c6   0x00000000   Code   RO         2197    .ARM.Collect$$libinit$$00000019  c_w.l(libinit2.o)
    0x080031c6   0x080031c6   0x00000000   Code   RO         2199    .ARM.Collect$$libinit$$0000001B  c_w.l(libinit2.o)
    0x080031c6   0x080031c6   0x00000000   Code   RO         2201    .ARM.Collect$$libinit$$0000001D  c_w.l(libinit2.o)
    0x080031c6   0x080031c6   0x00000000   Code   RO         2203    .ARM.Collect$$libinit$$0000001F  c_w.l(libinit2.o)
    0x080031c6   0x080031c6   0x00000000   Code   RO         2205    .ARM.Collect$$libinit$$00000021  c_w.l(libinit2.o)
    0x080031c6   0x080031c6   0x00000000   Code   RO         2207    .ARM.Collect$$libinit$$00000023  c_w.l(libinit2.o)
    0x080031c6   0x080031c6   0x00000000   Code   RO         2209    .ARM.Collect$$libinit$$00000025  c_w.l(libinit2.o)
    0x080031c6   0x080031c6   0x00000000   Code   RO         2213    .ARM.Collect$$libinit$$0000002C  c_w.l(libinit2.o)
    0x080031c6   0x080031c6   0x00000000   Code   RO         2215    .ARM.Collect$$libinit$$0000002E  c_w.l(libinit2.o)
    0x080031c6   0x080031c6   0x00000000   Code   RO         2217    .ARM.Collect$$libinit$$00000030  c_w.l(libinit2.o)
    0x080031c6   0x080031c6   0x00000000   Code   RO         2219    .ARM.Collect$$libinit$$00000032  c_w.l(libinit2.o)
    0x080031c6   0x080031c6   0x00000002   Code   RO         2220    .ARM.Collect$$libinit$$00000033  c_w.l(libinit2.o)
    0x080031c8   0x080031c8   0x00000002   Code   RO         2238    .ARM.Collect$$libshutdown$$00000000  c_w.l(libshutdown.o)
    0x080031ca   0x080031ca   0x00000000   Code   RO         2248    .ARM.Collect$$libshutdown$$00000002  c_w.l(libshutdown2.o)
    0x080031ca   0x080031ca   0x00000000   Code   RO         2250    .ARM.Collect$$libshutdown$$00000004  c_w.l(libshutdown2.o)
    0x080031ca   0x080031ca   0x00000000   Code   RO         2253    .ARM.Collect$$libshutdown$$00000007  c_w.l(libshutdown2.o)
    0x080031ca   0x080031ca   0x00000000   Code   RO         2256    .ARM.Collect$$libshutdown$$0000000A  c_w.l(libshutdown2.o)
    0x080031ca   0x080031ca   0x00000000   Code   RO         2258    .ARM.Collect$$libshutdown$$0000000C  c_w.l(libshutdown2.o)
    0x080031ca   0x080031ca   0x00000000   Code   RO         2261    .ARM.Collect$$libshutdown$$0000000F  c_w.l(libshutdown2.o)
    0x080031ca   0x080031ca   0x00000002   Code   RO         2262    .ARM.Collect$$libshutdown$$00000010  c_w.l(libshutdown2.o)
    0x080031cc   0x080031cc   0x00000000   Code   RO         2145    .ARM.Collect$$rtentry$$00000000  c_w.l(__rtentry.o)
    0x080031cc   0x080031cc   0x00000000   Code   RO         2147    .ARM.Collect$$rtentry$$00000002  c_w.l(__rtentry2.o)
    0x080031cc   0x080031cc   0x00000006   Code   RO         2159    .ARM.Collect$$rtentry$$00000004  c_w.l(__rtentry4.o)
    0x080031d2   0x080031d2   0x00000000   Code   RO         2149    .ARM.Collect$$rtentry$$00000009  c_w.l(__rtentry2.o)
    0x080031d2   0x080031d2   0x00000004   Code   RO         2150    .ARM.Collect$$rtentry$$0000000A  c_w.l(__rtentry2.o)
    0x080031d6   0x080031d6   0x00000000   Code   RO         2152    .ARM.Collect$$rtentry$$0000000C  c_w.l(__rtentry2.o)
    0x080031d6   0x080031d6   0x00000008   Code   RO         2153    .ARM.Collect$$rtentry$$0000000D  c_w.l(__rtentry2.o)
    0x080031de   0x080031de   0x00000002   Code   RO         2174    .ARM.Collect$$rtexit$$00000000  c_w.l(rtexit.o)
    0x080031e0   0x080031e0   0x00000000   Code   RO         2222    .ARM.Collect$$rtexit$$00000002  c_w.l(rtexit2.o)
    0x080031e0   0x080031e0   0x00000004   Code   RO         2223    .ARM.Collect$$rtexit$$00000003  c_w.l(rtexit2.o)
    0x080031e4   0x080031e4   0x00000006   Code   RO         2224    .ARM.Collect$$rtexit$$00000004  c_w.l(rtexit2.o)
    0x080031ea   0x080031ea   0x00000002   PAD
    0x080031ec   0x080031ec   0x00000040   Code   RO          662    .text               startup_stm32f10x_cl.o
    0x0800322c   0x0800322c   0x00000002   Code   RO         2129    .text               c_w.l(use_no_semi_2.o)
    0x0800322e   0x0800322e   0x00000058   Code   RO         2131    .text               c_w.l(memcmp.o)
    0x08003286   0x08003286   0x0000008a   Code   RO         2133    .text               c_w.l(rt_memcpy_v6.o)
    0x08003310   0x08003310   0x00000064   Code   RO         2135    .text               c_w.l(rt_memcpy_w.o)
    0x08003374   0x08003374   0x0000004e   Code   RO         2137    .text               c_w.l(rt_memclr_w.o)
    0x080033c2   0x080033c2   0x00000006   Code   RO         2139    .text               c_w.l(heapauxi.o)
    0x080033c8   0x080033c8   0x00000002   Code   RO         2143    .text               c_w.l(use_no_semi.o)
    0x080033ca   0x080033ca   0x0000004a   Code   RO         2161    .text               c_w.l(sys_stackheap_outer.o)
    0x08003414   0x08003414   0x00000012   Code   RO         2163    .text               c_w.l(exit.o)
    0x08003426   0x08003426   0x00000002   PAD
    0x08003428   0x08003428   0x00000008   Code   RO         2171    .text               c_w.l(libspace.o)
    0x08003430   0x08003430   0x00000004   Code   RO          158    i.BusFault_Handler  stm32f10x_it.o
    0x08003434   0x08003434   0x00000034   Code   RO          329    i.CAN1_RX0_IRQHandler  can.o
    0x08003468   0x08003468   0x000000a8   Code   RO         1426    i.CAN_ClearITPendingBit  stm32f10x_can.o
    0x08003510   0x08003510   0x0000004c   Code   RO          330    i.CAN_ConfigFilter  can.o
    0x0800355c   0x0800355c   0x000000b4   Code   RO          331    i.CAN_Configuration  can.o
    0x08003610   0x08003610   0x00000038   Code   RO         1428    i.CAN_DeInit        stm32f10x_can.o
    0x08003648   0x08003648   0x00000108   Code   RO         1430    i.CAN_FilterInit    stm32f10x_can.o
    0x08003750   0x08003750   0x0000007c   Code   RO          332    i.CAN_GPIO_Configuration  can.o
    0x080037cc   0x080037cc   0x000001d8   Code   RO          333    i.CAN_GetBaudRateNum  can.o
    0x080039a4   0x080039a4   0x00000120   Code   RO         1432    i.CAN_GetITStatus   stm32f10x_can.o
    0x08003ac4   0x08003ac4   0x00000012   Code   RO         1436    i.CAN_ITConfig      stm32f10x_can.o
    0x08003ad6   0x08003ad6   0x00000114   Code   RO         1437    i.CAN_Init          stm32f10x_can.o
    0x08003bea   0x08003bea   0x00000022   Code   RO          334    i.CAN_NVIC_Configuration  can.o
    0x08003c0c   0x08003c0c   0x000000f0   Code   RO         1440    i.CAN_Receive       stm32f10x_can.o
    0x08003cfc   0x08003cfc   0x00000020   Code   RO         1443    i.CAN_StructInit    stm32f10x_can.o
    0x08003d1c   0x08003d1c   0x00000126   Code   RO         1445    i.CAN_Transmit      stm32f10x_can.o
    0x08003e42   0x08003e42   0x00000002   PAD
    0x08003e44   0x08003e44   0x000000a0   Code   RO         1446    i.CAN_TransmitStatus  stm32f10x_can.o
    0x08003ee4   0x08003ee4   0x00000038   Code   RO          336    i.CAN_WriteData     can.o
    0x08003f1c   0x08003f1c   0x00000018   Code   RO          425    i.CanQueueInit      can_queue.o
    0x08003f34   0x08003f34   0x00000020   Code   RO          427    i.CanQueueWrite     can_queue.o
    0x08003f54   0x08003f54   0x00000012   Code   RO         1448    i.CheckITStatus     stm32f10x_can.o
    0x08003f66   0x08003f66   0x00000002   Code   RO          159    i.DebugMon_Handler  stm32f10x_it.o
    0x08003f68   0x08003f68   0x0000000c   Code   RO         1250    i.FLASH_ClearFlag   stm32f10x_flash.o
    0x08003f74   0x08003f74   0x0000004c   Code   RO         1255    i.FLASH_ErasePage   stm32f10x_flash.o
    0x08003fc0   0x08003fc0   0x00000034   Code   RO         1256    i.FLASH_GetBank1Status  stm32f10x_flash.o
    0x08003ff4   0x08003ff4   0x00000014   Code   RO         1265    i.FLASH_Lock        stm32f10x_flash.o
    0x08004008   0x08004008   0x0000006c   Code   RO         1270    i.FLASH_ProgramWord  stm32f10x_flash.o
    0x08004074   0x08004074   0x00000018   Code   RO         1273    i.FLASH_Unlock      stm32f10x_flash.o
    0x0800408c   0x0800408c   0x00000026   Code   RO         1277    i.FLASH_WaitForLastOperation  stm32f10x_flash.o
    0x080040b2   0x080040b2   0x00000116   Code   RO          672    i.GPIO_Init         stm32f10x_gpio.o
    0x080041c8   0x080041c8   0x00000004   Code   RO          679    i.GPIO_ResetBits    stm32f10x_gpio.o
    0x080041cc   0x080041cc   0x00000004   Code   RO          160    i.HardFault_Handler  stm32f10x_it.o
    0x080041d0   0x080041d0   0x00000038   Code   RO          281    i.LED_Init          led.o
    0x08004208   0x08004208   0x00000004   Code   RO          161    i.MemManage_Handler  stm32f10x_it.o
    0x0800420c   0x0800420c   0x00000002   Code   RO          162    i.NMI_Handler       stm32f10x_it.o
    0x0800420e   0x0800420e   0x00000002   PAD
    0x08004210   0x08004210   0x00000070   Code   RO         1214    i.NVIC_Init         misc.o
    0x08004280   0x08004280   0x00000014   Code   RO         1215    i.NVIC_PriorityGroupConfig  misc.o
    0x08004294   0x08004294   0x00000002   Code   RO          163    i.PendSV_Handler    stm32f10x_it.o
    0x08004296   0x08004296   0x00000002   PAD
    0x08004298   0x08004298   0x00000020   Code   RO          783    i.RCC_APB1PeriphClockCmd  stm32f10x_rcc.o
    0x080042b8   0x080042b8   0x00000020   Code   RO          784    i.RCC_APB1PeriphResetCmd  stm32f10x_rcc.o
    0x080042d8   0x080042d8   0x00000020   Code   RO          785    i.RCC_APB2PeriphClockCmd  stm32f10x_rcc.o
    0x080042f8   0x080042f8   0x0000018c   Code   RO          793    i.RCC_GetClocksFreq  stm32f10x_rcc.o
    0x08004484   0x08004484   0x00000002   Code   RO          164    i.SVC_Handler       stm32f10x_it.o
    0x08004486   0x08004486   0x00000008   Code   RO          247    i.SetSysClock       system_stm32f10x.o
    0x0800448e   0x0800448e   0x00000002   PAD
    0x08004490   0x08004490   0x00000118   Code   RO          248    i.SetSysClockTo72   system_stm32f10x.o
    0x080045a8   0x080045a8   0x00000028   Code   RO         1218    i.SysTick_CLKSourceConfig  misc.o
    0x080045d0   0x080045d0   0x00000002   Code   RO          165    i.SysTick_Handler   stm32f10x_it.o
    0x080045d2   0x080045d2   0x00000002   PAD
    0x080045d4   0x080045d4   0x0000006c   Code   RO          250    i.SystemInit        system_stm32f10x.o
    0x08004640   0x08004640   0x00000028   Code   RO          605    i.USART1_IRQHandler  usart.o
    0x08004668   0x08004668   0x000000a0   Code   RO          606    i.USART1_Init       usart.o
    0x08004708   0x08004708   0x00000038   Code   RO          607    i.USART1_Send_Data  usart.o
    0x08004740   0x08004740   0x0000003e   Code   RO          302    i.USART_BOOT_ErasePage  app.o
    0x0800477e   0x0800477e   0x00000002   PAD
    0x08004780   0x08004780   0x00000050   Code   RO          304    i.USART_BOOT_ProgramDatatoFlash  app.o
    0x080047d0   0x080047d0   0x00000012   Code   RO         1034    i.USART_ClearFlag   stm32f10x_usart.o
    0x080047e2   0x080047e2   0x00000018   Code   RO         1038    i.USART_Cmd         stm32f10x_usart.o
    0x080047fa   0x080047fa   0x0000001a   Code   RO         1041    i.USART_GetFlagStatus  stm32f10x_usart.o
    0x08004814   0x08004814   0x00000054   Code   RO         1042    i.USART_GetITStatus  stm32f10x_usart.o
    0x08004868   0x08004868   0x0000004a   Code   RO         1044    i.USART_ITConfig    stm32f10x_usart.o
    0x080048b2   0x080048b2   0x00000002   PAD
    0x080048b4   0x080048b4   0x000000d8   Code   RO         1045    i.USART_Init        stm32f10x_usart.o
    0x0800498c   0x0800498c   0x0000000a   Code   RO         1052    i.USART_ReceiveData  stm32f10x_usart.o
    0x08004996   0x08004996   0x00000008   Code   RO         1055    i.USART_SendData    stm32f10x_usart.o
    0x0800499e   0x0800499e   0x00000004   Code   RO          166    i.UsageFault_Handler  stm32f10x_it.o
    0x080049a2   0x080049a2   0x0000000a   Code   RO          394    i.UsartQueueInit    usart_queue.o
    0x080049ac   0x080049ac   0x00000036   Code   RO          395    i.UsartQueuePop     usart_queue.o
    0x080049e2   0x080049e2   0x00000046   Code   RO          396    i.UsartQueuePush    usart_queue.o
    0x08004a28   0x08004a28   0x00000006   Code   RO          477    i.__set_PRIMASK     protocol_parse.o
    0x08004a2e   0x08004a2e   0x00000004   Code   RO          608    i._sys_exit         usart.o
    0x08004a32   0x08004a32   0x00000084   Code   RO          478    i.ack_uart_protocol  protocol_parse.o
    0x08004ab6   0x08004ab6   0x00000028   Code   RO          429    i.can_frame_copy    can_queue.o
    0x08004ade   0x08004ade   0x00000002   PAD
    0x08004ae0   0x08004ae0   0x00000050   Code   RO          430    i.can_frame_malloc  can_queue.o
    0x08004b30   0x08004b30   0x0000003c   Code   RO          431    i.can_queue_init    can_queue.o
    0x08004b6c   0x08004b6c   0x0000002c   Code   RO           14    i.crc16_xmodem      main.o
    0x08004b98   0x08004b98   0x00000044   Code   RO          550    i.delay_init        delay.o
    0x08004bdc   0x08004bdc   0x0000004c   Code   RO          551    i.delay_ms          delay.o
    0x08004c28   0x08004c28   0x00000010   Code   RO          479    i.handle_can_protocol  protocol_parse.o
    0x08004c38   0x08004c38   0x00000002   Code   RO          481    i.handle_i2c_protocol  protocol_parse.o
    0x08004c3a   0x08004c3a   0x00000002   Code   RO          482    i.handle_rs485_protocol  protocol_parse.o
    0x08004c3c   0x08004c3c   0x000002c8   Code   RO          483    i.handle_uart_protocol  protocol_parse.o
    0x08004f04   0x08004f04   0x0000001c   Code   RO          484    i.handle_usart_queue  protocol_parse.o
    0x08004f20   0x08004f20   0x00000002   Code   RO          485    i.handle_zigbee_protocol  protocol_parse.o
    0x08004f22   0x08004f22   0x00000002   PAD
    0x08004f24   0x08004f24   0x00000090   Code   RO            1    i.main              main.o
    0x08004fb4   0x08004fb4   0x00000074   Code   RO          486    i.prase_protocol    protocol_parse.o
    0x08005028   0x08005028   0x00000130   Code   RO          487    i.prepare_protocol  protocol_parse.o
    0x08005158   0x08005158   0x00000200   Data   RO            2    .constdata          main.o
    0x08005358   0x08005358   0x00000214   Data   RO          433    .constdata          can_queue.o
    0x0800556c   0x0800556c   0x00000230   Data   RO          489    .constdata          protocol_parse.o
    0x0800579c   0x0800579c   0x00000020   Data   RO         2294    Region$$Table       anon$$obj.o


    Execution Region RW_IRAM1 (Exec base: 0x20000000, Load base: 0x080057bc, Size: 0x00001358, Max: 0x00010000, ABSOLUTE)

    Exec Addr    Load Addr    Size         Type   Attr      Idx    E Section Name        Object

    0x20000000   0x080057bc   0x00000004   Data   RW            3    .data               main.o
    0x20000004   0x080057c0   0x00000014   Data   RW          251    .data               system_stm32f10x.o
    0x20000018   0x080057d4   0x00000098   Data   RW          340    .data               can.o
    0x200000b0   0x0800586c   0x00000014   Data   RW          434    .data               can_queue.o
    0x200000c4   0x08005880   0x00000017   Data   RW          490    .data               protocol_parse.o
    0x200000db   0x08005897   0x00000001   PAD
    0x200000dc   0x08005898   0x00000004   Data   RW          553    .data               delay.o
    0x200000e0   0x0800589c   0x00000014   Data   RW          821    .data               stm32f10x_rcc.o
    0x200000f4        -       0x00000014   Zero   RW          338    .bss                can.o
    0x20000108        -       0x00000406   Zero   RW          397    .bss                usart_queue.o
    0x2000050e   0x080058b0   0x00000002   PAD
    0x20000510        -       0x000002e4   Zero   RW          432    .bss                can_queue.o
    0x200007f4        -       0x00000502   Zero   RW          488    .bss                protocol_parse.o
    0x20000cf6   0x080058b0   0x00000002   PAD
    0x20000cf8        -       0x00000060   Zero   RW         2172    .bss                c_w.l(libspace.o)
    0x20000d58        -       0x00000200   Zero   RW          660    HEAP                startup_stm32f10x_cl.o
    0x20000f58        -       0x00000400   Zero   RW          659    STACK               startup_stm32f10x_cl.o


==============================================================================

Image component sizes


      Code (inc. data)   RO Data    RW Data    ZI Data      Debug   Object Name

       142          6          0          0          0       1943   app.o
       994         68          0        152         20       4974   can.o
       236         20        532         20        740       4103   can_queue.o
       144         22          0          4          0       1212   delay.o
        56          6          0          0          0        483   led.o
       188         38        512          4          0     285853   main.o
       172         22          0          0          0       2081   misc.o
      1320         62        560         23       1282      22438   protocol_parse.o
        64         26        336          0       1536        812   startup_stm32f10x_cl.o
      1814         44          0          0          0       8225   stm32f10x_can.o
       330         38          0          0          0       5424   stm32f10x_flash.o
       282          0          0          0          0       2521   stm32f10x_gpio.o
        26          0          0          0          0       3758   stm32f10x_it.o
       492         40          0         20          0       5847   stm32f10x_rcc.o
       460          6          0          0          0       6775   stm32f10x_usart.o
         0          0          0          0          0         32   sys.o
       396         32          0         20          0       2145   system_stm32f10x.o
       260         22          0          0          0       2645   usart.o
       134          0          0          0       1030       2784   usart_queue.o

    ----------------------------------------------------------------------
      7528        452       1972        244       4612     364055   Object Totals
         0          0         32          0          0          0   (incl. Generated)
        18          0          0          1          4          0   (incl. Padding)

    ----------------------------------------------------------------------

      Code (inc. data)   RO Data    RW Data    ZI Data      Debug   Library Member Name

         8          0          0          0          0         68   __main.o
         0          0          0          0          0          0   __rtentry.o
        12          0          0          0          0          0   __rtentry2.o
         6          0          0          0          0          0   __rtentry4.o
        52          8          0          0          0          0   __scatter.o
        26          0          0          0          0          0   __scatter_copy.o
        28          0          0          0          0          0   __scatter_zi.o
        18          0          0          0          0         80   exit.o
         6          0          0          0          0        152   heapauxi.o
         2          0          0          0          0          0   libinit.o
         2          0          0          0          0          0   libinit2.o
         2          0          0          0          0          0   libshutdown.o
         2          0          0          0          0          0   libshutdown2.o
         8          4          0          0         96         68   libspace.o
        88          0          0          0          0         76   memcmp.o
        78          0          0          0          0         80   rt_memclr_w.o
       138          0          0          0          0         68   rt_memcpy_v6.o
       100          0          0          0          0         80   rt_memcpy_w.o
         2          0          0          0          0          0   rtexit.o
        10          0          0          0          0          0   rtexit2.o
        74          0          0          0          0         80   sys_stackheap_outer.o
         2          0          0          0          0         68   use_no_semi.o
         2          0          0          0          0         68   use_no_semi_2.o

    ----------------------------------------------------------------------
       672         12          0          0         96        888   Library Totals
         6          0          0          0          0          0   (incl. Padding)

    ----------------------------------------------------------------------

      Code (inc. data)   RO Data    RW Data    ZI Data      Debug   Library Name

       666         12          0          0         96        888   c_w.l

    ----------------------------------------------------------------------
       672         12          0          0         96        888   Library Totals

    ----------------------------------------------------------------------

==============================================================================


      Code (inc. data)   RO Data    RW Data    ZI Data      Debug   

      8200        464       1972        244       4708     360519   Grand Totals
      8200        464       1972        244       4708     360519   ELF Image Totals
      8200        464       1972        244          0          0   ROM Totals

==============================================================================

    Total RO  Size (Code + RO Data)                10172 (   9.93kB)
    Total RW  Size (RW Data + ZI Data)              4952 (   4.84kB)
    Total ROM Size (Code + RO Data + RW Data)      10416 (  10.17kB)

==============================================================================

