<html>
<body>
<pre>
<h1>µVision Build Log</h1>
<h2>Tool Versions:</h2>
IDE-Version: ¦ÌVision V5.25.2.0
Copyright (C) 2018 ARM Ltd and ARM Germany GmbH. All rights reserved.
License Information: youfang Administrator, youfang, LIC=VGXG8-3SEXP-UHD8H-WCGMD-WUZXT-9Q432
 
Tool Versions:
Toolchain:       MDK-ARM Plus  Version: 5.25.2.0
Toolchain Path:  D:\mdk5\ARM\ARMCC\Bin
C Compiler:      Armcc.exe V5.06 update 6 (build 750)
Assembler:       Armasm.exe V5.06 update 6 (build 750)
Linker/Locator:  ArmLink.exe V5.06 update 6 (build 750)
Library Manager: ArmAr.exe V5.06 update 6 (build 750)
Hex Converter:   FromElf.exe V5.06 update 6 (build 750)
CPU DLL:         SARMCM3.DLL V5.25.2.0
Dialog DLL:      DCM.DLL V1.17.1.0
Target DLL:      STLink\ST-LINKIII-KEIL_SWO.dll V3.0.1.0
Dialog DLL:      TCM.DLL V1.35.1.0
 
<h2>Project:</h2>
C:\Users\Administrator\Desktop\MCU_IAP_DNAKE\STM32F105R8T6_IAP\bootloader\USER\STM32F105Demo.uvprojx
Project File Date:  06/28/2020

<h2>Output:</h2>
*** Using Compiler 'V5.06 update 6 (build 750)', folder: 'D:\mdk5\ARM\ARMCC\Bin'
Build target 'Stm32f105_bootloader'
compiling led.c...
compiling usart_queue.c...
compiling main.c...
main.c(52): warning:  #223-D: function "strlen" declared implicitly
  	USART1_Send_Data("stm32105-bootloader",strlen("stm32105-bootloader"));
main.c: 1 warning, 0 errors
compiling protocol_parse.c...
compiling bootloader.c...
compiling can_queue.c...
compiling can.c...
..\HARDWARE\can.c(149): warning:  #61-D: integer operation result is out of range
    CAN_FilterInitStructure.CAN_FilterMaskIdLow=(ADDR_MASK<<(CMD_WIDTH+3))|0x04;
..\HARDWARE\can.c: 1 warning, 0 errors
compiling usart.c...
linking...
Program Size: Code=6516 RO-data=1972 RW-data=92 ZI-data=4964  
FromELF: creating hex file...
"..\OBJ\STM32F105Demo.axf" - 0 Error(s), 2 Warning(s).

<h2>Software Packages used:</h2>

Package Vendor: Keil
                http://www.keil.com/pack/Keil.STM32F1xx_DFP.2.1.0.pack
                Keil.STM32F1xx_DFP.2.1.0
                STMicroelectronics STM32F1 Series Device Support, Drivers and Examples

<h2>Collection of Component include folders:</h2>
  .\RTE\_Stm32f105_bootloader
  D:\mdk5\ARM\PACK\Keil\STM32F1xx_DFP\2.1.0\Device\Include

<h2>Collection of Component Files used:</h2>
Build Time Elapsed:  00:00:01
</pre>
</body>
</html>
