<html>
<body>
<pre>
<h1>µVision Build Log</h1>
<h2>Tool Versions:</h2>
IDE-Version: ¦ÌVision V5.27.1.0
Copyright (C) 2019 ARM Ltd and ARM Germany GmbH. All rights reserved.
License Information: 11 111, 111, LIC=03C63-AARIA-30QNC-785XV-VZYPM-FPW9E
 
Tool Versions:
Toolchain:       MDK-ARM Plus  Version: 5.27.1.0
Toolchain Path:  F:\mdk\ARM\ARMCC\Bin
C Compiler:      Armcc.exe V5.06 update 6 (build 750)
Assembler:       Armasm.exe V5.06 update 6 (build 750)
Linker/Locator:  ArmLink.exe V5.06 update 6 (build 750)
Library Manager: ArmAr.exe V5.06 update 6 (build 750)
Hex Converter:   FromElf.exe V5.06 update 6 (build 750)
CPU DLL:         SARMCM3.DLL V5.27.1.0
Dialog DLL:      DARMCM1.DLL V1.19.2.0
Target DLL:      STLink\ST-LINKIII-KEIL_SWO.dll V3.0.6.0
Dialog DLL:      TARMCM1.DLL V1.14.1.0
 
<h2>Project:</h2>
I:\µÒÄÍ¿Ë\MCU_IAP_DNAKE\STM32F072C8T6_IAP\bootloader\User\STM32F072Demo.uvprojx
Project File Date:  06/26/2020

<h2>Output:</h2>
*** Using Compiler 'V5.06 update 6 (build 750)', folder: 'F:\mdk\ARM\ARMCC\Bin'
Build target 'Stm32f072_bootloader'
assembling startup_stm32f0xx.s...
compiling system_stm32f0xx.c...
compiling main.c...
compiling stm32f0xx_it.c...
compiling led.c...
compiling bootloader.c...
compiling can_queue.c...
compiling can.c...
compiling stm32f0xx_misc.c...
compiling delay.c...
compiling stm32f0xx_gpio.c...
compiling stm32f0xx_flash.c...
compiling stm32f0xx_can.c...
compiling stm32f0xx_rcc.c...
compiling stm32f0xx_tim.c...
linking...
Program Size: Code=4448 RO-data=224 RW-data=208 ZI-data=1656  
FromELF: creating hex file...
"..\OBJ\STM32F072Demo.axf" - 0 Error(s), 0 Warning(s).

<h2>Software Packages used:</h2>

Package Vendor: Keil
                http://www.keil.com/pack/Keil.STM32F0xx_DFP.2.0.0.pack
                Keil.STM32F0xx_DFP.2.0.0
                STMicroelectronics STM32F0 Series Device Support, Drivers and Examples

<h2>Collection of Component include folders:</h2>
  .\RTE\_Stm32f072_bootloader
  F:\mdk\Keil\STM32F0xx_DFP\2.0.0\Drivers\CMSIS\Device\ST\STM32F0xx\Include

<h2>Collection of Component Files used:</h2>
Build Time Elapsed:  00:00:04
</pre>
</body>
</html>
